TAP version 13
# Subtest: QA-105: mapungubwe real non-collision frontal hit rolls once and retains contact on reload
ok 1 - QA-105: mapungubwe real non-collision frontal hit rolls once and retains contact on reload
  ---
  duration_ms: 155.0942
  ...
# Subtest: QA-105: mapungubwe real non-collision frontal rejection rolls once and retains contact on reload
ok 2 - QA-105: mapungubwe real non-collision frontal rejection rolls once and retains contact on reload
  ---
  duration_ms: 98.019
  ...
# Subtest: QA-105: saheliana real non-collision frontal hit rolls once and retains contact on reload
ok 3 - QA-105: saheliana real non-collision frontal hit rolls once and retains contact on reload
  ---
  duration_ms: 86.6381
  ...
# Subtest: QA-105: saheliana real non-collision frontal rejection rolls once and retains contact on reload
ok 4 - QA-105: saheliana real non-collision frontal rejection rolls once and retains contact on reload
  ---
  duration_ms: 76.056
  ...
# Subtest: QA-105: suajili real non-collision frontal hit rolls once and retains contact on reload
ok 5 - QA-105: suajili real non-collision frontal hit rolls once and retains contact on reload
  ---
  duration_ms: 56.8918
  ...
# Subtest: QA-105: suajili real non-collision frontal rejection rolls once and retains contact on reload
ok 6 - QA-105: suajili real non-collision frontal rejection rolls once and retains contact on reload
  ---
  duration_ms: 72.9422
  ...
# Subtest: QA-105: musgum real non-collision frontal hit rolls once and retains contact on reload
ok 7 - QA-105: musgum real non-collision frontal hit rolls once and retains contact on reload
  ---
  duration_ms: 66.0013
  ...
# Subtest: QA-105: musgum real non-collision frontal rejection rolls once and retains contact on reload
ok 8 - QA-105: musgum real non-collision frontal rejection rolls once and retains contact on reload
  ---
  duration_ms: 91.6935
  ...
# Subtest: QA-105: etiope real non-collision frontal hit rolls once and retains contact on reload
ok 9 - QA-105: etiope real non-collision frontal hit rolls once and retains contact on reload
  ---
  duration_ms: 47.5086
  ...
# Subtest: QA-105: etiope real non-collision frontal rejection rolls once and retains contact on reload
ok 10 - QA-105: etiope real non-collision frontal rejection rolls once and retains contact on reload
  ---
  duration_ms: 73.8834
  ...
# Subtest: QA-098: mapungubwe/warthog actual approach and exit use calibrated speed and native gaits
ok 11 - QA-098: mapungubwe/warthog actual approach and exit use calibrated speed and native gaits
  ---
  duration_ms: 146.4912
  ...
# Subtest: QA-098: mapungubwe/hyena actual approach and exit use calibrated speed and native gaits
ok 12 - QA-098: mapungubwe/hyena actual approach and exit use calibrated speed and native gaits
  ---
  duration_ms: 99.521
  ...
# Subtest: QA-098: mapungubwe/buffalo actual approach and exit use calibrated speed and native gaits
ok 13 - QA-098: mapungubwe/buffalo actual approach and exit use calibrated speed and native gaits
  ---
  duration_ms: 99.1861
  ...
# Subtest: QA-098: mapungubwe/lion actual approach and exit use calibrated speed and native gaits
ok 14 - QA-098: mapungubwe/lion actual approach and exit use calibrated speed and native gaits
  ---
  duration_ms: 96.3543
  ...
# Subtest: QA-098: mapungubwe/rhino actual approach and exit use calibrated speed and native gaits
ok 15 - QA-098: mapungubwe/rhino actual approach and exit use calibrated speed and native gaits
  ---
  duration_ms: 59.9052
  ...
# Subtest: QA-098: saheliana/warthog actual approach and exit use calibrated speed and native gaits
ok 16 - QA-098: saheliana/warthog actual approach and exit use calibrated speed and native gaits
  ---
  duration_ms: 74.5786
  ...
# Subtest: QA-098: saheliana/hyena actual approach and exit use calibrated speed and native gaits
ok 17 - QA-098: saheliana/hyena actual approach and exit use calibrated speed and native gaits
  ---
  duration_ms: 107.3568
  ...
# Subtest: QA-098: saheliana/buffalo actual approach and exit use calibrated speed and native gaits
ok 18 - QA-098: saheliana/buffalo actual approach and exit use calibrated speed and native gaits
  ---
  duration_ms: 81.0273
  ...
# Subtest: QA-098: saheliana/lion actual approach and exit use calibrated speed and native gaits
ok 19 - QA-098: saheliana/lion actual approach and exit use calibrated speed and native gaits
  ---
  duration_ms: 62.9047
  ...
# Subtest: QA-098: saheliana/rhino actual approach and exit use calibrated speed and native gaits
ok 20 - QA-098: saheliana/rhino actual approach and exit use calibrated speed and native gaits
  ---
  duration_ms: 55.7853
  ...
# Subtest: QA-098: suajili/warthog actual approach and exit use calibrated speed and native gaits
ok 21 - QA-098: suajili/warthog actual approach and exit use calibrated speed and native gaits
  ---
  duration_ms: 57.8362
  ...
# Subtest: QA-098: suajili/hyena actual approach and exit use calibrated speed and native gaits
ok 22 - QA-098: suajili/hyena actual approach and exit use calibrated speed and native gaits
  ---
  duration_ms: 43.7564
  ...
# Subtest: QA-098: suajili/buffalo actual approach and exit use calibrated speed and native gaits
ok 23 - QA-098: suajili/buffalo actual approach and exit use calibrated speed and native gaits
  ---
  duration_ms: 57.8585
  ...
# Subtest: QA-098: suajili/lion actual approach and exit use calibrated speed and native gaits
ok 24 - QA-098: suajili/lion actual approach and exit use calibrated speed and native gaits
  ---
  duration_ms: 37.7625
  ...
# Subtest: QA-098: suajili/rhino actual approach and exit use calibrated speed and native gaits
ok 25 - QA-098: suajili/rhino actual approach and exit use calibrated speed and native gaits
  ---
  duration_ms: 42.544
  ...
# Subtest: QA-098: musgum/warthog actual approach and exit use calibrated speed and native gaits
ok 26 - QA-098: musgum/warthog actual approach and exit use calibrated speed and native gaits
  ---
  duration_ms: 60.9826
  ...
# Subtest: QA-098: musgum/hyena actual approach and exit use calibrated speed and native gaits
ok 27 - QA-098: musgum/hyena actual approach and exit use calibrated speed and native gaits
  ---
  duration_ms: 32.5913
  ...
# Subtest: QA-098: musgum/buffalo actual approach and exit use calibrated speed and native gaits
ok 28 - QA-098: musgum/buffalo actual approach and exit use calibrated speed and native gaits
  ---
  duration_ms: 35.2793
  ...
# Subtest: QA-098: musgum/lion actual approach and exit use calibrated speed and native gaits
ok 29 - QA-098: musgum/lion actual approach and exit use calibrated speed and native gaits
  ---
  duration_ms: 30.7552
  ...
# Subtest: QA-098: musgum/rhino actual approach and exit use calibrated speed and native gaits
ok 30 - QA-098: musgum/rhino actual approach and exit use calibrated speed and native gaits
  ---
  duration_ms: 45.844
  ...
# Subtest: QA-098: etiope/warthog actual approach and exit use calibrated speed and native gaits
ok 31 - QA-098: etiope/warthog actual approach and exit use calibrated speed and native gaits
  ---
  duration_ms: 31.357
  ...
# Subtest: QA-098: etiope/hyena actual approach and exit use calibrated speed and native gaits
ok 32 - QA-098: etiope/hyena actual approach and exit use calibrated speed and native gaits
  ---
  duration_ms: 40.7862
  ...
# Subtest: QA-098: etiope/buffalo actual approach and exit use calibrated speed and native gaits
ok 33 - QA-098: etiope/buffalo actual approach and exit use calibrated speed and native gaits
  ---
  duration_ms: 37.0648
  ...
# Subtest: QA-098: etiope/lion actual approach and exit use calibrated speed and native gaits
ok 34 - QA-098: etiope/lion actual approach and exit use calibrated speed and native gaits
  ---
  duration_ms: 31.41
  ...
# Subtest: QA-098: etiope/rhino actual approach and exit use calibrated speed and native gaits
ok 35 - QA-098: etiope/rhino actual approach and exit use calibrated speed and native gaits
  ---
  duration_ms: 34.5807
  ...
# Subtest: QA-100: mapungubwe actual last worker hit exhausts the budget and the saved exit keeps physical separation
ok 36 - QA-100: mapungubwe actual last worker hit exhausts the budget and the saved exit keeps physical separation
  ---
  duration_ms: 50.557
  ...
# Subtest: QA-100: saheliana actual last worker hit exhausts the budget and the saved exit keeps physical separation
ok 37 - QA-100: saheliana actual last worker hit exhausts the budget and the saved exit keeps physical separation
  ---
  duration_ms: 37.1431
  ...
# Subtest: QA-100: suajili actual last worker hit exhausts the budget and the saved exit keeps physical separation
ok 38 - QA-100: suajili actual last worker hit exhausts the budget and the saved exit keeps physical separation
  ---
  duration_ms: 37.1624
  ...
# Subtest: QA-100: musgum actual last worker hit exhausts the budget and the saved exit keeps physical separation
ok 39 - QA-100: musgum actual last worker hit exhausts the budget and the saved exit keeps physical separation
  ---
  duration_ms: 30.6691
  ...
# Subtest: QA-100: etiope actual last worker hit exhausts the budget and the saved exit keeps physical separation
ok 40 - QA-100: etiope actual last worker hit exhausts the budget and the saved exit keeps physical separation
  ---
  duration_ms: 33.3449
  ...
# Subtest: QA-101: mapungubwe/warthog legal Shield stops the native body at its border and consumes one protected hit after reload
ok 41 - QA-101: mapungubwe/warthog legal Shield stops the native body at its border and consumes one protected hit after reload
  ---
  duration_ms: 37.6412
  ...
# Subtest: QA-101: mapungubwe/hyena legal Shield stops the native body at its border and consumes one protected hit after reload
ok 42 - QA-101: mapungubwe/hyena legal Shield stops the native body at its border and consumes one protected hit after reload
  ---
  duration_ms: 40.0862
  ...
# Subtest: QA-101: mapungubwe/buffalo legal Shield stops the native body at its border and consumes one protected hit after reload
ok 43 - QA-101: mapungubwe/buffalo legal Shield stops the native body at its border and consumes one protected hit after reload
  ---
  duration_ms: 28.3906
  ...
# Subtest: QA-101: mapungubwe/lion legal Shield stops the native body at its border and consumes one protected hit after reload
ok 44 - QA-101: mapungubwe/lion legal Shield stops the native body at its border and consumes one protected hit after reload
  ---
  duration_ms: 34.6144
  ...
# Subtest: QA-101: mapungubwe/rhino legal Shield stops the native body at its border and consumes one protected hit after reload
ok 45 - QA-101: mapungubwe/rhino legal Shield stops the native body at its border and consumes one protected hit after reload
  ---
  duration_ms: 31.4062
  ...
# Subtest: QA-101: saheliana/warthog legal Shield stops the native body at its border and consumes one protected hit after reload
ok 46 - QA-101: saheliana/warthog legal Shield stops the native body at its border and consumes one protected hit after reload
  ---
  duration_ms: 67.4077
  ...
# Subtest: QA-101: saheliana/hyena legal Shield stops the native body at its border and consumes one protected hit after reload
ok 47 - QA-101: saheliana/hyena legal Shield stops the native body at its border and consumes one protected hit after reload
  ---
  duration_ms: 41.4183
  ...
# Subtest: QA-101: saheliana/buffalo legal Shield stops the native body at its border and consumes one protected hit after reload
ok 48 - QA-101: saheliana/buffalo legal Shield stops the native body at its border and consumes one protected hit after reload
  ---
  duration_ms: 33.0382
  ...
# Subtest: QA-101: saheliana/lion legal Shield stops the native body at its border and consumes one protected hit after reload
ok 49 - QA-101: saheliana/lion legal Shield stops the native body at its border and consumes one protected hit after reload
  ---
  duration_ms: 30.6747
  ...
# Subtest: QA-101: saheliana/rhino legal Shield stops the native body at its border and consumes one protected hit after reload
ok 50 - QA-101: saheliana/rhino legal Shield stops the native body at its border and consumes one protected hit after reload
  ---
  duration_ms: 34.6022
  ...
# Subtest: QA-101: suajili/warthog legal Shield stops the native body at its border and consumes one protected hit after reload
ok 51 - QA-101: suajili/warthog legal Shield stops the native body at its border and consumes one protected hit after reload
  ---
  duration_ms: 40.9747
  ...
# Subtest: QA-101: suajili/hyena legal Shield stops the native body at its border and consumes one protected hit after reload
ok 52 - QA-101: suajili/hyena legal Shield stops the native body at its border and consumes one protected hit after reload
  ---
  duration_ms: 30.4539
  ...
# Subtest: QA-101: suajili/buffalo legal Shield stops the native body at its border and consumes one protected hit after reload
ok 53 - QA-101: suajili/buffalo legal Shield stops the native body at its border and consumes one protected hit after reload
  ---
  duration_ms: 28.5245
  ...
# Subtest: QA-101: suajili/lion legal Shield stops the native body at its border and consumes one protected hit after reload
ok 54 - QA-101: suajili/lion legal Shield stops the native body at its border and consumes one protected hit after reload
  ---
  duration_ms: 24.2261
  ...
# Subtest: QA-101: suajili/rhino legal Shield stops the native body at its border and consumes one protected hit after reload
ok 55 - QA-101: suajili/rhino legal Shield stops the native body at its border and consumes one protected hit after reload
  ---
  duration_ms: 34.2766
  ...
# Subtest: QA-101: musgum/warthog legal Shield stops the native body at its border and consumes one protected hit after reload
ok 56 - QA-101: musgum/warthog legal Shield stops the native body at its border and consumes one protected hit after reload
  ---
  duration_ms: 28.9654
  ...
# Subtest: QA-101: musgum/hyena legal Shield stops the native body at its border and consumes one protected hit after reload
ok 57 - QA-101: musgum/hyena legal Shield stops the native body at its border and consumes one protected hit after reload
  ---
  duration_ms: 22.8412
  ...
# Subtest: QA-101: musgum/buffalo legal Shield stops the native body at its border and consumes one protected hit after reload
ok 58 - QA-101: musgum/buffalo legal Shield stops the native body at its border and consumes one protected hit after reload
  ---
  duration_ms: 21.6374
  ...
# Subtest: QA-101: musgum/lion legal Shield stops the native body at its border and consumes one protected hit after reload
ok 59 - QA-101: musgum/lion legal Shield stops the native body at its border and consumes one protected hit after reload
  ---
  duration_ms: 22.4884
  ...
# Subtest: QA-101: musgum/rhino legal Shield stops the native body at its border and consumes one protected hit after reload
ok 60 - QA-101: musgum/rhino legal Shield stops the native body at its border and consumes one protected hit after reload
  ---
  duration_ms: 22.0341
  ...
# Subtest: QA-101: etiope/warthog legal Shield stops the native body at its border and consumes one protected hit after reload
ok 61 - QA-101: etiope/warthog legal Shield stops the native body at its border and consumes one protected hit after reload
  ---
  duration_ms: 21.3549
  ...
# Subtest: QA-101: etiope/hyena legal Shield stops the native body at its border and consumes one protected hit after reload
ok 62 - QA-101: etiope/hyena legal Shield stops the native body at its border and consumes one protected hit after reload
  ---
  duration_ms: 19.5998
  ...
# Subtest: QA-101: etiope/buffalo legal Shield stops the native body at its border and consumes one protected hit after reload
ok 63 - QA-101: etiope/buffalo legal Shield stops the native body at its border and consumes one protected hit after reload
  ---
  duration_ms: 20.9609
  ...
# Subtest: QA-101: etiope/lion legal Shield stops the native body at its border and consumes one protected hit after reload
ok 64 - QA-101: etiope/lion legal Shield stops the native body at its border and consumes one protected hit after reload
  ---
  duration_ms: 21.3077
  ...
# Subtest: QA-101: etiope/rhino legal Shield stops the native body at its border and consumes one protected hit after reload
ok 65 - QA-101: etiope/rhino legal Shield stops the native body at its border and consumes one protected hit after reload
  ---
  duration_ms: 22.9759
  ...
# (node:48100) ExperimentalWarning: Importing JSON modules is an experimental feature and might change at any time
# (Use `node --trace-warnings ...` to show where the warning was created)
# Subtest: QA-145: warthog six live checkpoints reload identically across all five native center cultures
ok 66 - QA-145: warthog six live checkpoints reload identically across all five native center cultures
  ---
  duration_ms: 935.1902
  ...
# Subtest: QA-145: hyena six live checkpoints reload identically across all five native center cultures
ok 67 - QA-145: hyena six live checkpoints reload identically across all five native center cultures
  ---
  duration_ms: 909.7051
  ...
# Subtest: QA-145: buffalo six live checkpoints reload identically across all five native center cultures
ok 68 - QA-145: buffalo six live checkpoints reload identically across all five native center cultures
  ---
  duration_ms: 724.6459
  ...
# Subtest: QA-145: lion six live checkpoints reload identically across all five native center cultures
ok 69 - QA-145: lion six live checkpoints reload identically across all five native center cultures
  ---
  duration_ms: 616.4592
  ...
# Subtest: QA-145: rhino six live checkpoints reload identically across all five native center cultures
ok 70 - QA-145: rhino six live checkpoints reload identically across all five native center cultures
  ---
  duration_ms: 652.036
  ...
# Subtest: QA-099: warthog both naturally selected native combos consume exactly one hit after the complete clip, including reload
ok 71 - QA-099: warthog both naturally selected native combos consume exactly one hit after the complete clip, including reload
  ---
  duration_ms: 42.2476
  ...
# Subtest: QA-099: hyena both naturally selected native combos consume exactly one hit after the complete clip, including reload
ok 72 - QA-099: hyena both naturally selected native combos consume exactly one hit after the complete clip, including reload
  ---
  duration_ms: 34.7271
  ...
# Subtest: QA-099: buffalo both naturally selected native combos consume exactly one hit after the complete clip, including reload
ok 73 - QA-099: buffalo both naturally selected native combos consume exactly one hit after the complete clip, including reload
  ---
  duration_ms: 40.976
  ...
# Subtest: QA-099: lion both naturally selected native combos consume exactly one hit after the complete clip, including reload
ok 74 - QA-099: lion both naturally selected native combos consume exactly one hit after the complete clip, including reload
  ---
  duration_ms: 42.2278
  ...
# Subtest: QA-099: rhino both naturally selected native combos consume exactly one hit after the complete clip, including reload
ok 75 - QA-099: rhino both naturally selected native combos consume exactly one hit after the complete clip, including reload
  ---
  duration_ms: 51.0228
  ...
# Subtest: QA-097: warthog a destroyed crop releases its reservation and retargets with the same remaining budget
ok 76 - QA-097: warthog a destroyed crop releases its reservation and retargets with the same remaining budget
  ---
  duration_ms: 87.6526
  ...
# Subtest: QA-097: hyena a destroyed crop releases its reservation and retargets with the same remaining budget
ok 77 - QA-097: hyena a destroyed crop releases its reservation and retargets with the same remaining budget
  ---
  duration_ms: 79.1549
  ...
# Subtest: QA-097: buffalo a destroyed crop releases its reservation and retargets with the same remaining budget
ok 78 - QA-097: buffalo a destroyed crop releases its reservation and retargets with the same remaining budget
  ---
  duration_ms: 28.7201
  ...
# Subtest: QA-097: lion a destroyed crop releases its reservation and retargets with the same remaining budget
ok 79 - QA-097: lion a destroyed crop releases its reservation and retargets with the same remaining budget
  ---
  duration_ms: 36.3734
  ...
# Subtest: QA-097: rhino a destroyed crop releases its reservation and retargets with the same remaining budget
ok 80 - QA-097: rhino a destroyed crop releases its reservation and retargets with the same remaining budget
  ---
  duration_ms: 22.3523
  ...
# Subtest: active crop history scans once, appends in FIFO order and never removes saved records
ok 81 - active crop history scans once, appends in FIFO order and never removes saved records
  ---
  duration_ms: 46.741
  ...
# Subtest: retirement before initialization, simultaneous deaths and restored arrays preserve live references
ok 82 - retirement before initialization, simultaneous deaths and restored arrays preserve live references
  ---
  duration_ms: 0.4189
  ...
# Subtest: truncation resets membership; explicit editor invalidation handles same-length edits and revival
ok 83 - truncation resets membership; explicit editor invalidation handles same-length edits and revival
  ---
  duration_ms: 0.3088
  ...
# Subtest: physical harvest retires an indexed crop while its crate is still carried and later delivered
ok 84 - physical harvest retires an indexed crop while its crate is still carried and later delivered
  ---
  duration_ms: 21.6014
  ...
# Subtest: a real second animal strike retires the cached crop without removing its damage history
ok 85 - a real second animal strike retires the cached crop without removing its damage history
  ---
  duration_ms: 107.2573
  ...
# Subtest: warthog/Right_Hand_Sword_Slash: complete native duration, one hit, saved progress and physical retreat
ok 86 - warthog/Right_Hand_Sword_Slash: complete native duration, one hit, saved progress and physical retreat
  ---
  duration_ms: 13.3611
  ...
# Subtest: warthog/Charged_Upward_Slash: complete native duration, one hit, saved progress and physical retreat
ok 87 - warthog/Charged_Upward_Slash: complete native duration, one hit, saved progress and physical retreat
  ---
  duration_ms: 2.8033
  ...
# Subtest: warthog/Weapon_Combo: complete native duration, one hit, saved progress and physical retreat
ok 88 - warthog/Weapon_Combo: complete native duration, one hit, saved progress and physical retreat
  ---
  duration_ms: 1.3565
  ...
# Subtest: warthog/Weapon_Combo_2: complete native duration, one hit, saved progress and physical retreat
ok 89 - warthog/Weapon_Combo_2: complete native duration, one hit, saved progress and physical retreat
  ---
  duration_ms: 1.9616
  ...
# Subtest: hyena/Right_Hand_Sword_Slash: complete native duration, one hit, saved progress and physical retreat
ok 90 - hyena/Right_Hand_Sword_Slash: complete native duration, one hit, saved progress and physical retreat
  ---
  duration_ms: 1.058
  ...
# Subtest: hyena/Charged_Upward_Slash: complete native duration, one hit, saved progress and physical retreat
ok 91 - hyena/Charged_Upward_Slash: complete native duration, one hit, saved progress and physical retreat
  ---
  duration_ms: 1.218
  ...
# Subtest: hyena/Weapon_Combo: complete native duration, one hit, saved progress and physical retreat
ok 92 - hyena/Weapon_Combo: complete native duration, one hit, saved progress and physical retreat
  ---
  duration_ms: 1.1677
  ...
# Subtest: hyena/Weapon_Combo_2: complete native duration, one hit, saved progress and physical retreat
ok 93 - hyena/Weapon_Combo_2: complete native duration, one hit, saved progress and physical retreat
  ---
  duration_ms: 1.0311
  ...
# Subtest: buffalo/Right_Hand_Sword_Slash: complete native duration, one hit, saved progress and physical retreat
ok 94 - buffalo/Right_Hand_Sword_Slash: complete native duration, one hit, saved progress and physical retreat
  ---
  duration_ms: 1.1716
  ...
# Subtest: buffalo/Charged_Upward_Slash: complete native duration, one hit, saved progress and physical retreat
ok 95 - buffalo/Charged_Upward_Slash: complete native duration, one hit, saved progress and physical retreat
  ---
  duration_ms: 1.1424
  ...
# Subtest: buffalo/Weapon_Combo: complete native duration, one hit, saved progress and physical retreat
ok 96 - buffalo/Weapon_Combo: complete native duration, one hit, saved progress and physical retreat
  ---
  duration_ms: 1.032
  ...
# Subtest: buffalo/Weapon_Combo_2: complete native duration, one hit, saved progress and physical retreat
ok 97 - buffalo/Weapon_Combo_2: complete native duration, one hit, saved progress and physical retreat
  ---
  duration_ms: 1.0452
  ...
# Subtest: lion/Right_Hand_Sword_Slash: complete native duration, one hit, saved progress and physical retreat
ok 98 - lion/Right_Hand_Sword_Slash: complete native duration, one hit, saved progress and physical retreat
  ---
  duration_ms: 0.9438
  ...
# Subtest: lion/Charged_Upward_Slash: complete native duration, one hit, saved progress and physical retreat
ok 99 - lion/Charged_Upward_Slash: complete native duration, one hit, saved progress and physical retreat
  ---
  duration_ms: 1.3396
  ...
# Subtest: lion/Weapon_Combo: complete native duration, one hit, saved progress and physical retreat
ok 100 - lion/Weapon_Combo: complete native duration, one hit, saved progress and physical retreat
  ---
  duration_ms: 0.8255
  ...
# Subtest: lion/Weapon_Combo_2: complete native duration, one hit, saved progress and physical retreat
ok 101 - lion/Weapon_Combo_2: complete native duration, one hit, saved progress and physical retreat
  ---
  duration_ms: 1.0051
  ...
# Subtest: rhino/Right_Hand_Sword_Slash: complete native duration, one hit, saved progress and physical retreat
ok 102 - rhino/Right_Hand_Sword_Slash: complete native duration, one hit, saved progress and physical retreat
  ---
  duration_ms: 1.5589
  ...
# Subtest: rhino/Charged_Upward_Slash: complete native duration, one hit, saved progress and physical retreat
ok 103 - rhino/Charged_Upward_Slash: complete native duration, one hit, saved progress and physical retreat
  ---
  duration_ms: 1.0441
  ...
# Subtest: rhino/Weapon_Combo: complete native duration, one hit, saved progress and physical retreat
ok 104 - rhino/Weapon_Combo: complete native duration, one hit, saved progress and physical retreat
  ---
  duration_ms: 0.7028
  ...
# Subtest: rhino/Weapon_Combo_2: complete native duration, one hit, saved progress and physical retreat
ok 105 - rhino/Weapon_Combo_2: complete native duration, one hit, saved progress and physical retreat
  ---
  duration_ms: 0.7226
  ...
# Subtest: An invalidated target cannot be replaced underneath a committed attack or receive phantom damage
ok 106 - An invalidated target cannot be replaced underneath a committed attack or receive phantom damage
  ---
  duration_ms: 0.6886
  ...
# Subtest: Exhausting a budget during an attack finishes its presentation without granting another hit
ok 107 - Exhausting a budget during an attack finishes its presentation without granting another hit
  ---
  duration_ms: 0.601
  ...
# Subtest: Shield contact consumes one completed attack without damage, and blocking pause freezes the clip phase
ok 108 - Shield contact consumes one completed attack without damage, and blocking pause freezes the clip phase
  ---
  duration_ms: 1.5265
  ...
# Subtest: warthog: original GLB hash, in-place tracks, nonlooping poses and animated foot grounding
ok 109 - warthog: original GLB hash, in-place tracks, nonlooping poses and animated foot grounding
  ---
  duration_ms: 4102.9906
  ...
# {"species":"warthog","groundingComparisonPoses":72,"maximumGroundError":2.2737367544323206e-13}
# Subtest: hyena: original GLB hash, in-place tracks, nonlooping poses and animated foot grounding
ok 110 - hyena: original GLB hash, in-place tracks, nonlooping poses and animated foot grounding
  ---
  duration_ms: 2204.2634
  ...
# {"species":"hyena","groundingComparisonPoses":72,"maximumGroundError":2.2736673654932815e-13}
# Subtest: buffalo: original GLB hash, in-place tracks, nonlooping poses and animated foot grounding
ok 111 - buffalo: original GLB hash, in-place tracks, nonlooping poses and animated foot grounding
  ---
  duration_ms: 1458.8779
  ...
# {"species":"buffalo","groundingComparisonPoses":72,"maximumGroundError":2.2734591986761643e-13}
# Subtest: lion: original GLB hash, in-place tracks, nonlooping poses and animated foot grounding
ok 112 - lion: original GLB hash, in-place tracks, nonlooping poses and animated foot grounding
  ---
  duration_ms: 1469.2269
  ...
# {"species":"lion","groundingComparisonPoses":72,"maximumGroundError":2.2738755323103987e-13}
# Subtest: rhino: original GLB hash, in-place tracks, nonlooping poses and animated foot grounding
ok 113 - rhino: original GLB hash, in-place tracks, nonlooping poses and animated foot grounding
  ---
  duration_ms: 1732.5223
  ...
# {"species":"rhino","groundingComparisonPoses":72,"maximumGroundError":2.274153088066555e-13}
# Subtest: all 100 campaign nights have animals even with no crops, for 30 seeds
ok 114 - all 100 campaign nights have animals even with no crops, for 30 seeds
  ---
  duration_ms: 31.4845
  ...
# Subtest: five introductory nights spawn their planned new species with a progressive real strike budget, including saved plans
ok 115 - five introductory nights spawn their planned new species with a progressive real strike budget, including saved plans
  ---
  duration_ms: 31.1584
  ...
# Subtest: warthog: first physical crop hit survives reload; second hit destroys exactly once
ok 116 - warthog: first physical crop hit survives reload; second hit destroys exactly once
  ---
  duration_ms: 39.3191
  ...
# Subtest: hyena: first physical crop hit survives reload; second hit destroys exactly once
ok 117 - hyena: first physical crop hit survives reload; second hit destroys exactly once
  ---
  duration_ms: 21.9546
  ...
# Subtest: buffalo: first physical crop hit survives reload; second hit destroys exactly once
ok 118 - buffalo: first physical crop hit survives reload; second hit destroys exactly once
  ---
  duration_ms: 19.3061
  ...
# Subtest: lion: first physical crop hit survives reload; second hit destroys exactly once
ok 119 - lion: first physical crop hit survives reload; second hit destroys exactly once
  ---
  duration_ms: 18.5702
  ...
# Subtest: rhino: first physical crop hit survives reload; second hit destroys exactly once
ok 120 - rhino: first physical crop hit survives reload; second hit destroys exactly once
  ---
  duration_ms: 21.9326
  ...
# Subtest: saved damage supports exact half points but rejects invalid HP and living crops at two points
ok 121 - saved damage supports exact half points but rejects invalid HP and living crops at two points
  ---
  duration_ms: 3.463
  ...
# Subtest: introductory warthog threatens crops and buildings but cannot destroy all 1 starting plants
ok 122 - introductory warthog threatens crops and buildings but cannot destroy all 1 starting plants
  ---
  duration_ms: 140.2771
  ...
# Subtest: introductory warthog threatens crops and buildings but cannot destroy all 2 starting plants
ok 123 - introductory warthog threatens crops and buildings but cannot destroy all 2 starting plants
  ---
  duration_ms: 98.748
  ...
# Subtest: introductory warthog threatens crops and buildings but cannot destroy all 5 starting plants
ok 124 - introductory warthog threatens crops and buildings but cannot destroy all 5 starting plants
  ---
  duration_ms: 46.5967
  ...
# Subtest: introductory warthog threatens crops and buildings but cannot destroy all 10 starting plants
ok 125 - introductory warthog threatens crops and buildings but cannot destroy all 10 starting plants
  ---
  duration_ms: 53.1019
  ...
# Subtest: introductory warthog threatens crops and buildings but cannot destroy all 20 starting plants
ok 126 - introductory warthog threatens crops and buildings but cannot destroy all 20 starting plants
  ---
  duration_ms: 46.242
  ...
# Subtest: introductory warthog threatens crops and buildings but cannot destroy all 50 starting plants
ok 127 - introductory warthog threatens crops and buildings but cannot destroy all 50 starting plants
  ---
  duration_ms: 48.1366
  ...
# Subtest: introductory hyena threatens crops and buildings but cannot destroy all 1 starting plants
ok 128 - introductory hyena threatens crops and buildings but cannot destroy all 1 starting plants
  ---
  duration_ms: 31.0155
  ...
# Subtest: introductory hyena threatens crops and buildings but cannot destroy all 2 starting plants
ok 129 - introductory hyena threatens crops and buildings but cannot destroy all 2 starting plants
  ---
  duration_ms: 26.3863
  ...
# Subtest: introductory hyena threatens crops and buildings but cannot destroy all 5 starting plants
ok 130 - introductory hyena threatens crops and buildings but cannot destroy all 5 starting plants
  ---
  duration_ms: 20.77
  ...
# Subtest: introductory hyena threatens crops and buildings but cannot destroy all 10 starting plants
ok 131 - introductory hyena threatens crops and buildings but cannot destroy all 10 starting plants
  ---
  duration_ms: 89.3616
  ...
# Subtest: introductory hyena threatens crops and buildings but cannot destroy all 20 starting plants
ok 132 - introductory hyena threatens crops and buildings but cannot destroy all 20 starting plants
  ---
  duration_ms: 24.9878
  ...
# Subtest: introductory hyena threatens crops and buildings but cannot destroy all 50 starting plants
ok 133 - introductory hyena threatens crops and buildings but cannot destroy all 50 starting plants
  ---
  duration_ms: 146.2647
  ...
# Subtest: introductory buffalo threatens crops and buildings but cannot destroy all 1 starting plants
ok 134 - introductory buffalo threatens crops and buildings but cannot destroy all 1 starting plants
  ---
  duration_ms: 20.6194
  ...
# Subtest: introductory buffalo threatens crops and buildings but cannot destroy all 2 starting plants
ok 135 - introductory buffalo threatens crops and buildings but cannot destroy all 2 starting plants
  ---
  duration_ms: 28.3596
  ...
# Subtest: introductory buffalo threatens crops and buildings but cannot destroy all 5 starting plants
ok 136 - introductory buffalo threatens crops and buildings but cannot destroy all 5 starting plants
  ---
  duration_ms: 85.2918
  ...
# Subtest: introductory buffalo threatens crops and buildings but cannot destroy all 10 starting plants
ok 137 - introductory buffalo threatens crops and buildings but cannot destroy all 10 starting plants
  ---
  duration_ms: 18.7517
  ...
# Subtest: introductory buffalo threatens crops and buildings but cannot destroy all 20 starting plants
ok 138 - introductory buffalo threatens crops and buildings but cannot destroy all 20 starting plants
  ---
  duration_ms: 27.8919
  ...
# Subtest: introductory buffalo threatens crops and buildings but cannot destroy all 50 starting plants
ok 139 - introductory buffalo threatens crops and buildings but cannot destroy all 50 starting plants
  ---
  duration_ms: 101.216
  ...
# Subtest: introductory lion threatens crops and buildings but cannot destroy all 1 starting plants
ok 140 - introductory lion threatens crops and buildings but cannot destroy all 1 starting plants
  ---
  duration_ms: 24.6352
  ...
# Subtest: introductory lion threatens crops and buildings but cannot destroy all 2 starting plants
ok 141 - introductory lion threatens crops and buildings but cannot destroy all 2 starting plants
  ---
  duration_ms: 66.3743
  ...
# Subtest: introductory lion threatens crops and buildings but cannot destroy all 5 starting plants
ok 142 - introductory lion threatens crops and buildings but cannot destroy all 5 starting plants
  ---
  duration_ms: 82.0124
  ...
# Subtest: introductory lion threatens crops and buildings but cannot destroy all 10 starting plants
ok 143 - introductory lion threatens crops and buildings but cannot destroy all 10 starting plants
  ---
  duration_ms: 17.169
  ...
# Subtest: introductory lion threatens crops and buildings but cannot destroy all 20 starting plants
ok 144 - introductory lion threatens crops and buildings but cannot destroy all 20 starting plants
  ---
  duration_ms: 17.9746
  ...
# Subtest: introductory lion threatens crops and buildings but cannot destroy all 50 starting plants
ok 145 - introductory lion threatens crops and buildings but cannot destroy all 50 starting plants
  ---
  duration_ms: 65.0855
  ...
# Subtest: introductory rhino threatens crops and buildings but cannot destroy all 1 starting plants
ok 146 - introductory rhino threatens crops and buildings but cannot destroy all 1 starting plants
  ---
  duration_ms: 21.4617
  ...
# Subtest: introductory rhino threatens crops and buildings but cannot destroy all 2 starting plants
ok 147 - introductory rhino threatens crops and buildings but cannot destroy all 2 starting plants
  ---
  duration_ms: 23.711
  ...
# Subtest: introductory rhino threatens crops and buildings but cannot destroy all 5 starting plants
ok 148 - introductory rhino threatens crops and buildings but cannot destroy all 5 starting plants
  ---
  duration_ms: 16.9645
  ...
# Subtest: introductory rhino threatens crops and buildings but cannot destroy all 10 starting plants
ok 149 - introductory rhino threatens crops and buildings but cannot destroy all 10 starting plants
  ---
  duration_ms: 89.9774
  ...
# Subtest: introductory rhino threatens crops and buildings but cannot destroy all 20 starting plants
ok 150 - introductory rhino threatens crops and buildings but cannot destroy all 20 starting plants
  ---
  duration_ms: 28.2742
  ...
# Subtest: introductory rhino threatens crops and buildings but cannot destroy all 50 starting plants
ok 151 - introductory rhino threatens crops and buildings but cannot destroy all 50 starting plants
  ---
  duration_ms: 79.1523
  ...
# Subtest: introductory warthog: damaged crops respect the destruction quota after a mid-attack save
ok 152 - introductory warthog: damaged crops respect the destruction quota after a mid-attack save
  ---
  duration_ms: 16.8357
  ...
# Subtest: introductory hyena: damaged crops respect the destruction quota after a mid-attack save
ok 153 - introductory hyena: damaged crops respect the destruction quota after a mid-attack save
  ---
  duration_ms: 23.0663
  ...
# Subtest: introductory buffalo: damaged crops respect the destruction quota after a mid-attack save
ok 154 - introductory buffalo: damaged crops respect the destruction quota after a mid-attack save
  ---
  duration_ms: 25.0876
  ...
# Subtest: introductory lion: damaged crops respect the destruction quota after a mid-attack save
ok 155 - introductory lion: damaged crops respect the destruction quota after a mid-attack save
  ---
  duration_ms: 28.8947
  ...
# Subtest: introductory rhino: damaged crops respect the destruction quota after a mid-attack save
ok 156 - introductory rhino: damaged crops respect the destruction quota after a mid-attack save
  ---
  duration_ms: 25.3808
  ...
# Subtest: central full damage, frontal90-degree periphery half damage and maximum radius are physical
ok 157 - central full damage, frontal90-degree periphery half damage and maximum radius are physical
  ---
  duration_ms: 27.5155
  ...
# Subtest: sector follows current contact heading and rejects a backward or remote contact
ok 158 - sector follows current contact heading and rejects a backward or remote contact
  ---
  duration_ms: 9.9558
  ...
# Subtest: a radius-zero or damage-zero profile never manufactures peripheral hits or mandatory deaths
ok 159 - a radius-zero or damage-zero profile never manufactures peripheral hits or mandatory deaths
  ---
  duration_ms: 2.7104
  ...
# Subtest: area cap prioritizes the central plant then nearest legal physical candidates
ok 160 - area cap prioritizes the central plant then nearest legal physical candidates
  ---
  duration_ms: 3.7395
  ...
# Subtest: native wall footprint occludes peripheral impacts, including animal-blocking gate=false
ok 161 - native wall footprint occludes peripheral impacts, including animal-blocking gate=false
  ---
  duration_ms: 6.7689
  ...
# Subtest: native wall footprint occludes peripheral impacts, including animal-blocking gate=true
ok 162 - native wall footprint occludes peripheral impacts, including animal-blocking gate=true
  ---
  duration_ms: 2.0618
  ...
# Subtest: a wall between actor and impact prevents a central hit rather than producing splash behind it
ok 163 - a wall between actor and impact prevents a central hit rather than producing splash behind it
  ---
  duration_ms: 2.941
  ...
# Subtest: a native centre footprint blocks rays and is re-evaluated after removal
ok 164 - a native centre footprint blocks rays and is re-evaluated after removal
  ---
  duration_ms: 2.168
  ...
# Subtest: Shield protects each peripheral plant and blocks a crossing ray outside its endpoint
ok 165 - Shield protects each peripheral plant and blocks a crossing ray outside its endpoint
  ---
  duration_ms: 3.8303
  ...
# Subtest: a shielded central target consumes no crop HP
ok 166 - a shielded central target consumes no crop HP
  ---
  duration_ms: 5.2971
  ...
# Subtest: one attack is deduplicated across replay/save and fractional damage persists exactly
ok 167 - one attack is deduplicated across replay/save and fractional damage persists exactly
  ---
  duration_ms: 3.8079
  ...
# Subtest: intro destruction cap survives central4 and peripheral2 damage, retaining a living farm
ok 168 - intro destruction cap survives central4 and peripheral2 damage, retaining a living farm
  ---
  duration_ms: 5.2392
  ...
# Subtest: grid handles append, death, native position epoch and replacement without scanning all crops per hit
ok 169 - grid handles append, death, native position epoch and replacement without scanning all crops per hit
  ---
  duration_ms: 23.4513
  ...
# Subtest: profile and crop fractional bounds reject corrupt saves while supporting legacy integer HP
ok 170 - profile and crop fractional bounds reject corrupt saves while supporting legacy integer HP
  ---
  duration_ms: 3.9839
  ...
# Subtest: native warthog profile completes real melee, one impact per attack, dt0.1
ok 171 - native warthog profile completes real melee, one impact per attack, dt0.1
  ---
  duration_ms: 30.1955
  ...
# Subtest: native warthog profile completes real melee, one impact per attack, dt1
ok 172 - native warthog profile completes real melee, one impact per attack, dt1
  ---
  duration_ms: 11.9646
  ...
# Subtest: native hyena profile completes real melee, one impact per attack, dt0.1
ok 173 - native hyena profile completes real melee, one impact per attack, dt0.1
  ---
  duration_ms: 15.5788
  ...
# Subtest: native hyena profile completes real melee, one impact per attack, dt1
ok 174 - native hyena profile completes real melee, one impact per attack, dt1
  ---
  duration_ms: 17.6335
  ...
# Subtest: native buffalo profile completes real melee, one impact per attack, dt0.1
ok 175 - native buffalo profile completes real melee, one impact per attack, dt0.1
  ---
  duration_ms: 16.0195
  ...
# Subtest: native buffalo profile completes real melee, one impact per attack, dt1
ok 176 - native buffalo profile completes real melee, one impact per attack, dt1
  ---
  duration_ms: 28.0779
  ...
# Subtest: native lion profile completes real melee, one impact per attack, dt0.1
ok 177 - native lion profile completes real melee, one impact per attack, dt0.1
  ---
  duration_ms: 14.1165
  ...
# Subtest: native lion profile completes real melee, one impact per attack, dt1
ok 178 - native lion profile completes real melee, one impact per attack, dt1
  ---
  duration_ms: 23.8072
  ...
# Subtest: native rhino profile completes real melee, one impact per attack, dt0.1
ok 179 - native rhino profile completes real melee, one impact per attack, dt0.1
  ---
  duration_ms: 12.5997
  ...
# Subtest: native rhino profile completes real melee, one impact per attack, dt1
ok 180 - native rhino profile completes real melee, one impact per attack, dt1
  ---
  duration_ms: 8.0897
  ...
# Subtest: a native wall strike uses structural profile damage but never applies agricultural splash
ok 181 - a native wall strike uses structural profile damage but never applies agricultural splash
  ---
  duration_ms: 1587.4219
  ...
# Subtest: native saved attack resumes once and does not duplicate event facts
ok 182 - native saved attack resumes once and does not duplicate event facts
  ---
  duration_ms: 11.6764
  ...
# Subtest: native committed contact writes half-point HP, reload preserves it and applied attacks cannot hit twice
ok 183 - native committed contact writes half-point HP, reload preserves it and applied attacks cannot hit twice
  ---
  duration_ms: 8.4194
  ...
# Subtest: live wall collapse remains occluding until ruined, and new topology invalidates cached geometry
ok 184 - live wall collapse remains occluding until ruined, and new topology invalidates cached geometry
  ---
  duration_ms: 1.9591
  ...
# Subtest: maximal canonical profile and its bounded living queries are valid; malformed and replay IDs are not
ok 185 - maximal canonical profile and its bounded living queries are valid; malformed and replay IDs are not
  ---
  duration_ms: 1.8172
  ...
# Subtest: a full connected crop cohort consumes real native budget at dt0.1
ok 186 - a full connected crop cohort consumes real native budget at dt0.1
  ---
  duration_ms: 709.5846
  ...
# Subtest: a full connected crop cohort consumes real native budget at dt1
ok 187 - a full connected crop cohort consumes real native budget at dt1
  ---
  duration_ms: 264.6198
  ...
# Subtest: waiters stage at their certified separated births without stealing existing reservations
ok 188 - waiters stage at their certified separated births without stealing existing reservations
  ---
  duration_ms: 11.5906
  ...
# Subtest: FIFO save/reload preserves turns and complete native final consumption
ok 189 - FIFO save/reload preserves turns and complete native final consumption
  ---
  duration_ms: 388.8587
  ...
# Subtest: absence of all remaining native targets retires instead of waiting forever
ok 190 - absence of all remaining native targets retires instead of waiting forever
  ---
  duration_ms: 11.1928
  ...
# Subtest: a physically unreachable owner expires its queue after bounded no-hit time without spending budget
ok 191 - a physically unreachable owner expires its queue after bounded no-hit time without spending budget
  ---
  duration_ms: 12.2103
  ...
# Subtest: corrupt optional queue state is rejected while legacy saves remain compatible
ok 192 - corrupt optional queue state is rejected while legacy saves remain compatible
  ---
  duration_ms: 24.5859
  ...
# Subtest: mixed models/radii and native budgets preserve exclusive leases: hyena,buffalo,lion,rhino,warthog
ok 193 - mixed models/radii and native budgets preserve exclusive leases: hyena,buffalo,lion,rhino,warthog
  ---
  duration_ms: 204.5136
  ...
# Subtest: mixed models/radii and native budgets preserve exclusive leases: buffalo,buffalo,buffalo,buffalo,buffalo,buffalo,buffalo,buffalo
ok 194 - mixed models/radii and native budgets preserve exclusive leases: buffalo,buffalo,buffalo,buffalo,buffalo,buffalo,buffalo,buffalo
  ---
  duration_ms: 390.1229
  ...
# Subtest: Shield still consumes actual native hits while protecting crops and releasing turns
ok 195 - Shield still consumes actual native hits while protecting crops and releasing turns
  ---
  duration_ms: 51.7593
  ...
# Subtest: connected walls retain a single lease and collapse releases eligible queued turns
ok 196 - connected walls retain a single lease and collapse releases eligible queued turns
  ---
  duration_ms: 539.731
  ...
# Subtest: a just-exhausted owner still holds a temporary lease until native release on the next tick
ok 197 - a just-exhausted owner still holds a temporary lease until native release on the next tick
  ---
  duration_ms: 5.9979
  ...
# Subtest: waiting poses do not keep walking in place at an exterior staging birth
ok 198 - waiting poses do not keep walking in place at an exterior staging birth
  ---
  duration_ms: 5.1682
  ...
# Subtest: two contiguous crop species retain independent exclusive groups through the native turns
ok 199 - two contiguous crop species retain independent exclusive groups through the native turns
  ---
  duration_ms: 163.0983
  ...
# Subtest: native first-five introduction protection survives a queued cohort without destroying all crops
ok 200 - native first-five introduction protection survives a queued cohort without destroying all crops
  ---
  duration_ms: 47.0401
  ...
# Subtest: wall collapse and an existing open gate release claims without inventing an extra lease
ok 201 - wall collapse and an existing open gate release claims without inventing an extra lease
  ---
  duration_ms: 301.9081
  ...
# Subtest: an isolated FIFO head cannot indefinitely starve a later animal with native access
ok 202 - an isolated FIFO head cannot indefinitely starve a later animal with native access
  ---
  duration_ms: 1279.4538
  ...
# Subtest: head retry epochs never enumerate a dense farm and observe lease/topology/progress revisions
ok 203 - head retry epochs never enumerate a dense farm and observe lease/topology/progress revisions
  ---
  duration_ms: 6.9486
  ...
1..203
# tests 203
# suites 0
# pass 203
# fail 0
# cancelled 0
# skipped 0
# todo 0
# duration_ms 11504.8954
