TAP version 13
# {"scope":"CPU cooperative request only, not frame/GPU acceptance","biome":"manglares","constructionMilliseconds":0.6125999999999863,"slices":155,"totalMilliseconds":55.45379999999972,"maxSliceMilliseconds":18.416300000000035,"maxSliceGeometryChecks":134,"yieldBoundaries":613,"entryWork":{"limit":32,"searches":1,"geometryChecks":747,"searchYields":1,"approachChecks":0,"maxGeometryChecks":100000,"maxSearchYields":50000,"exhausted":null},"warmWork":{"limit":64,"searches":0,"geometryChecks":2,"searchYields":0,"approachChecks":0,"maxGeometryChecks":1000000,"maxSearchYields":100000,"exhausted":null}}
# Subtest: manglares: cooperative slices converge to identical worker result without restarting or mutating main nav
ok 1 - manglares: cooperative slices converge to identical worker result without restarting or mutating main nav
  ---
  duration_ms: 359.5927
  ...
# Subtest: Worker-disabled preparation eventually supplies a whole group and resumes native pending600
ok 2 - Worker-disabled preparation eventually supplies a whole group and resumes native pending600
  ---
  duration_ms: 274.0972
  ...
# Subtest: Camera/side invalidation closes old continuation and disposal leaves no active work
ok 3 - Camera/side invalidation closes old continuation and disposal leaves no active work
  ---
  duration_ms: 178.3998
  ...
1..3
# tests 3
# suites 0
# pass 3
# fail 0
# cancelled 0
# skipped 0
# todo 0
# duration_ms 985.1534
