TAP version 13
# {"scope":"CPU cooperative request only, not frame/GPU acceptance","biome":"gran-canon","constructionMilliseconds":0.6327999999999747,"slices":548,"totalMilliseconds":111.6648999999993,"maxSliceMilliseconds":5.905100000000061,"maxSliceGeometryChecks":347,"yieldBoundaries":2178,"entryWork":{"limit":32,"searches":3,"geometryChecks":5245,"searchYields":30,"approachChecks":0,"maxGeometryChecks":100000,"maxSearchYields":50000,"exhausted":null},"warmWork":{"limit":64,"searches":0,"geometryChecks":2,"searchYields":0,"approachChecks":0,"maxGeometryChecks":1000000,"maxSearchYields":100000,"exhausted":null}}
# Subtest: gran-canon: cooperative slices converge to identical worker result without restarting or mutating main nav
ok 1 - gran-canon: cooperative slices converge to identical worker result without restarting or mutating main nav
  ---
  duration_ms: 654.2269
  ...
# Subtest: Worker-disabled preparation eventually supplies a whole group and resumes native pending600
ok 2 - Worker-disabled preparation eventually supplies a whole group and resumes native pending600
  ---
  duration_ms: 558.3677
  ...
# Subtest: Camera/side invalidation closes old continuation and disposal leaves no active work
ok 3 - Camera/side invalidation closes old continuation and disposal leaves no active work
  ---
  duration_ms: 395.7824
  ...
1..3
# tests 3
# suites 0
# pass 3
# fail 0
# cancelled 0
# skipped 0
# todo 0
# duration_ms 1814.2291
