TAP version 13
# {"scope":"CPU cooperative request only, not frame/GPU acceptance","biome":"desierto","constructionMilliseconds":0.6003000000000611,"slices":1013,"totalMilliseconds":304.3630000000028,"maxSliceMilliseconds":8.23479999999995,"maxSliceGeometryChecks":371,"yieldBoundaries":3984,"entryWork":{"limit":32,"searches":25,"geometryChecks":37051,"searchYields":1315,"approachChecks":0,"maxGeometryChecks":100000,"maxSearchYields":50000,"exhausted":null},"warmWork":{"limit":64,"searches":1,"geometryChecks":52,"searchYields":1,"approachChecks":0,"maxGeometryChecks":1000000,"maxSearchYields":100000,"exhausted":null}}
# Subtest: desierto: cooperative slices converge to identical worker result without restarting or mutating main nav
ok 1 - desierto: cooperative slices converge to identical worker result without restarting or mutating main nav
  ---
  duration_ms: 2254.0033
  ...
# Subtest: Worker-disabled preparation eventually supplies a whole group and resumes native pending600
ok 2 - Worker-disabled preparation eventually supplies a whole group and resumes native pending600
  ---
  duration_ms: 2377.7016
  ...
# Subtest: Camera/side invalidation closes old continuation and disposal leaves no active work
ok 3 - Camera/side invalidation closes old continuation and disposal leaves no active work
  ---
  duration_ms: 2295.8947
  ...
1..3
# tests 3
# suites 0
# pass 3
# fail 0
# cancelled 0
# skipped 0
# todo 0
# duration_ms 7108.0636
