TAP version 13
# {"scope":"CPU cooperative request only, not frame/GPU acceptance","biome":"volcanes","constructionMilliseconds":0.4426000000000272,"slices":155,"totalMilliseconds":27.622999999999706,"maxSliceMilliseconds":8.401100000000042,"maxSliceGeometryChecks":134,"yieldBoundaries":615,"entryWork":{"limit":32,"searches":1,"geometryChecks":749,"searchYields":1,"approachChecks":0,"maxGeometryChecks":100000,"maxSearchYields":50000,"exhausted":null},"warmWork":{"limit":64,"searches":0,"geometryChecks":2,"searchYields":0,"approachChecks":0,"maxGeometryChecks":1000000,"maxSearchYields":100000,"exhausted":null}}
# Subtest: volcanes: cooperative slices converge to identical worker result without restarting or mutating main nav
ok 1 - volcanes: cooperative slices converge to identical worker result without restarting or mutating main nav
  ---
  duration_ms: 322.8458
  ...
# Subtest: Worker-disabled preparation eventually supplies a whole group and resumes native pending600
ok 2 - Worker-disabled preparation eventually supplies a whole group and resumes native pending600
  ---
  duration_ms: 293.169
  ...
# Subtest: Camera/side invalidation closes old continuation and disposal leaves no active work
ok 3 - Camera/side invalidation closes old continuation and disposal leaves no active work
  ---
  duration_ms: 177.1054
  ...
1..3
# tests 3
# suites 0
# pass 3
# fail 0
# cancelled 0
# skipped 0
# todo 0
# duration_ms 960.2689
