TAP version 13
# Subtest: sabana: prepared native entry preserves the entire original post-spawn state
ok 1 - sabana: prepared native entry preserves the entire original post-spawn state
  ---
  duration_ms: 572.9101
  ...
# Subtest: gran-rio: prepared native entry preserves the entire original post-spawn state
ok 2 - gran-rio: prepared native entry preserves the entire original post-spawn state # SKIP test name does not match pattern
  ---
  duration_ms: 0.1181
  ...
# Subtest: manglares: prepared native entry preserves the entire original post-spawn state
ok 3 - manglares: prepared native entry preserves the entire original post-spawn state # SKIP test name does not match pattern
  ---
  duration_ms: 0.074
  ...
# Subtest: volcanes: prepared native entry preserves the entire original post-spawn state
ok 4 - volcanes: prepared native entry preserves the entire original post-spawn state # SKIP test name does not match pattern
  ---
  duration_ms: 0.0681
  ...
# Subtest: gran-canon: prepared native entry preserves the entire original post-spawn state
ok 5 - gran-canon: prepared native entry preserves the entire original post-spawn state # SKIP test name does not match pattern
  ---
  duration_ms: 0.0796
  ...
# Subtest: desierto: prepared native entry preserves the entire original post-spawn state
ok 6 - desierto: prepared native entry preserves the entire original post-spawn state # SKIP test name does not match pattern
  ---
  duration_ms: 0.0536
  ...
# Subtest: camera: obsolete worker replies cannot supply an entry
ok 7 - camera: obsolete worker replies cannot supply an entry # SKIP test name does not match pattern
  ---
  duration_ms: 0.056
  ...
# Subtest: bounds: obsolete worker replies cannot supply an entry
ok 8 - bounds: obsolete worker replies cannot supply an entry # SKIP test name does not match pattern
  ---
  duration_ms: 0.1156
  ...
# Subtest: geometry: obsolete worker replies cannot supply an entry
ok 9 - geometry: obsolete worker replies cannot supply an entry # SKIP test name does not match pattern
  ---
  duration_ms: 0.2375
  ...
# Subtest: group: obsolete worker replies cannot supply an entry
ok 10 - group: obsolete worker replies cannot supply an entry # SKIP test name does not match pattern
  ---
  duration_ms: 0.1687
  ...
# Subtest: collapse: obsolete worker replies cannot supply an entry
ok 11 - collapse: obsolete worker replies cannot supply an entry # SKIP test name does not match pattern
  ---
  duration_ms: 0.0787
  ...
# Subtest: rng: obsolete worker replies cannot supply an entry
ok 12 - rng: obsolete worker replies cannot supply an entry # SKIP test name does not match pattern
  ---
  duration_ms: 0.0588
  ...
# Subtest: a reply accepted before the camera moves is also rejected at the actual spawn
ok 13 - a reply accepted before the camera moves is also rejected at the actual spawn # SKIP test name does not match pattern
  ---
  duration_ms: 0.06
  ...
# Subtest: preparation bounds outstanding work, reports failure, and never survives disposal
ok 14 - preparation bounds outstanding work, reports failure, and never survives disposal # SKIP test name does not match pattern
  ---
  duration_ms: 0.1381
  ...
# Subtest: prepared camera failure still uses the original boundary fallback and RNG
ok 15 - prepared camera failure still uses the original boundary fallback and RNG # SKIP test name does not match pattern
  ---
  duration_ms: 0.1008
  ...
1..15
# tests 15
# suites 0
# pass 1
# fail 0
# cancelled 0
# skipped 14
# todo 0
# duration_ms 786.2384
