TAP version 13
# Subtest: gran-rio: native twelve-body entry and route to the actual center
ok 1 - gran-rio: native twelve-body entry and route to the actual center
  ---
  duration_ms: 416.1836
  ...
# Subtest: manglares: native twelve-body entry and route to the actual center
ok 2 - manglares: native twelve-body entry and route to the actual center # SKIP test name does not match pattern
  ---
  duration_ms: 0.1138
  ...
# Subtest: volcanes: native twelve-body entry and route to the actual center
ok 3 - volcanes: native twelve-body entry and route to the actual center # SKIP test name does not match pattern
  ---
  duration_ms: 0.1165
  ...
# Subtest: desierto: native twelve-body entry and route to the actual center
ok 4 - desierto: native twelve-body entry and route to the actual center # SKIP test name does not match pattern
  ---
  duration_ms: 0.1093
  ...
1..4
# tests 4
# suites 0
# pass 1
# fail 0
# cancelled 0
# skipped 3
# todo 0
# duration_ms 603.9283
