TAP version 13
# Subtest: gran-rio: native twelve-body entry and route to the actual center
ok 1 - gran-rio: native twelve-body entry and route to the actual center # SKIP test name does not match pattern
  ---
  duration_ms: 1.1139
  ...
# Subtest: manglares: native twelve-body entry and route to the actual center
ok 2 - manglares: native twelve-body entry and route to the actual center
  ---
  duration_ms: 358.5618
  ...
# Subtest: volcanes: native twelve-body entry and route to the actual center
ok 3 - volcanes: native twelve-body entry and route to the actual center # SKIP test name does not match pattern
  ---
  duration_ms: 0.1356
  ...
# Subtest: desierto: native twelve-body entry and route to the actual center
ok 4 - desierto: native twelve-body entry and route to the actual center # SKIP test name does not match pattern
  ---
  duration_ms: 0.0849
  ...
1..4
# tests 4
# suites 0
# pass 1
# fail 0
# cancelled 0
# skipped 3
# todo 0
# duration_ms 547.2147
