TAP version 13
# Subtest: Native QA-010 calm night preserves existing growth and pending water tolerance
ok 1 - Native QA-010 calm night preserves existing growth and pending water tolerance
  ---
  duration_ms: 284.2968
  ...
# Subtest: Native QA-007/014 real advances preserve state until every blocking pause clears
ok 2 - Native QA-007/014 real advances preserve state until every blocking pause clears
  ---
  duration_ms: 240.7482
  ...
1..2
# tests 2
# suites 0
# pass 2
# fail 0
# cancelled 0
# skipped 0
# todo 0
# duration_ms 712.7489
