TAP version 13
# Subtest: sabana: prepared native entry preserves the entire original post-spawn state
ok 1 - sabana: prepared native entry preserves the entire original post-spawn state # SKIP test name does not match pattern
  ---
  duration_ms: 1.2734
  ...
# Subtest: gran-rio: prepared native entry preserves the entire original post-spawn state
ok 2 - gran-rio: prepared native entry preserves the entire original post-spawn state # SKIP test name does not match pattern
  ---
  duration_ms: 0.0845
  ...
# Subtest: manglares: prepared native entry preserves the entire original post-spawn state
ok 3 - manglares: prepared native entry preserves the entire original post-spawn state # SKIP test name does not match pattern
  ---
  duration_ms: 0.0628
  ...
# Subtest: volcanes: prepared native entry preserves the entire original post-spawn state
ok 4 - volcanes: prepared native entry preserves the entire original post-spawn state # SKIP test name does not match pattern
  ---
  duration_ms: 0.0577
  ...
# Subtest: gran-canon: prepared native entry preserves the entire original post-spawn state
ok 5 - gran-canon: prepared native entry preserves the entire original post-spawn state # SKIP test name does not match pattern
  ---
  duration_ms: 0.0637
  ...
# Subtest: desierto: prepared native entry preserves the entire original post-spawn state
ok 6 - desierto: prepared native entry preserves the entire original post-spawn state # SKIP test name does not match pattern
  ---
  duration_ms: 0.0582
  ...
# Subtest: camera: obsolete worker replies cannot supply an entry
ok 7 - camera: obsolete worker replies cannot supply an entry
  ---
  duration_ms: 290.2935
  ...
# Subtest: bounds: obsolete worker replies cannot supply an entry
ok 8 - bounds: obsolete worker replies cannot supply an entry # SKIP test name does not match pattern
  ---
  duration_ms: 0.1814
  ...
# Subtest: geometry: obsolete worker replies cannot supply an entry
ok 9 - geometry: obsolete worker replies cannot supply an entry # SKIP test name does not match pattern
  ---
  duration_ms: 0.1082
  ...
# Subtest: group: obsolete worker replies cannot supply an entry
ok 10 - group: obsolete worker replies cannot supply an entry
  ---
  duration_ms: 219.0231
  ...
# Subtest: collapse: obsolete worker replies cannot supply an entry
ok 11 - collapse: obsolete worker replies cannot supply an entry # SKIP test name does not match pattern
  ---
  duration_ms: 0.1486
  ...
# Subtest: rng: obsolete worker replies cannot supply an entry
ok 12 - rng: obsolete worker replies cannot supply an entry # SKIP test name does not match pattern
  ---
  duration_ms: 0.068
  ...
# Subtest: a reply accepted before the camera moves is also rejected at the actual spawn
ok 13 - a reply accepted before the camera moves is also rejected at the actual spawn
  ---
  duration_ms: 224.6119
  ...
# Subtest: preparation bounds outstanding work, reports failure, and never survives disposal
ok 14 - preparation bounds outstanding work, reports failure, and never survives disposal
  ---
  duration_ms: 192.4178
  ...
# Subtest: prepared camera failure still uses the original boundary fallback and RNG
ok 15 - prepared camera failure still uses the original boundary fallback and RNG
  ---
  duration_ms: 308.3453
  ...
1..15
# tests 15
# suites 0
# pass 5
# fail 0
# cancelled 0
# skipped 10
# todo 0
# duration_ms 1444.0117
