TAP version 13
# (node:43056) ExperimentalWarning: Importing JSON modules is an experimental feature and might change at any time
# (Use `node --trace-warnings ...` to show where the warning was created)
# Subtest: complete catalogue audit reproduces from current source and exact original bytes
ok 1 - complete catalogue audit reproduces from current source and exact original bytes
  ---
  duration_ms: 385.3758
  ...
# Subtest: assignments, context exceptions, reserves and alternatives stay distinct from audible acceptance
ok 2 - assignments, context exceptions, reserves and alternatives stay distinct from audible acceptance
  ---
  duration_ms: 129.3901
  ...
# Subtest: latent wood variant and semantic alternatives do not become real bindings or duplicate files
ok 3 - latent wood variant and semantic alternatives do not become real bindings or duplicate files
  ---
  duration_ms: 0.3557
  ...
# Subtest: static audit follows both literal raid-wave branches without pretending either executed
ok 4 - static audit follows both literal raid-wave branches without pretending either executed
  ---
  duration_ms: 2.0991
  ...
# Subtest: literal emit remains discoverable and unsupported dynamic expressions stay unproven
ok 5 - literal emit remains discoverable and unsupported dynamic expressions stay unproven
  ---
  duration_ms: 0.3405
  ...
1..5
# tests 5
# suites 0
# pass 5
# fail 0
# cancelled 0
# skipped 0
# todo 0
# duration_ms 644.768
