{
  "candidateSource": "9263721068782e19fbbe2b11f582f361fac89b8b",
  "verifiedSourceHashes": 376,
  "snapshotSha256": "26bfc45c36c8748b2c3e4c03ea094f07ad7b7a0bf887a1b88c5cad11d7adcb8e",
  "checks": {
    "completeRequested10": true,
    "noDefeat": true,
    "everyDayPaidStaffAndPhysicalDelivery": true,
    "nativeLedgerWaterCrateAudit": true,
    "completeSummaryReproduced": true,
    "snapshotRoundtrip": true,
    "raidsClosed": true,
    "activityBelow25": false
  },
  "F10": {
    "days": [
      1,
      2,
      3,
      4,
      5,
      6,
      7,
      8,
      9,
      10
    ],
    "unoccupiedSeconds": 1079,
    "daylightSeconds": 3000,
    "delivered": 830,
    "planted": 1910,
    "lastMoney": 2810,
    "lastTasks": 932
  },
  "G10": {
    "days": [
      1,
      2,
      3,
      4,
      5,
      6,
      7,
      8,
      9,
      10
    ],
    "unoccupiedSeconds": 837,
    "daylightSeconds": 3000,
    "delivered": 976,
    "planted": 2154,
    "lastMoney": 3787,
    "lastTasks": 1016
  },
  "bands": [
    {
      "name": "1–3",
      "F": {
        "days": [
          1,
          2,
          3
        ],
        "unoccupiedSeconds": 640,
        "daylightSeconds": 900,
        "delivered": 91,
        "planted": 257,
        "lastMoney": 1543,
        "lastTasks": 156
      },
      "G": {
        "days": [
          1,
          2,
          3
        ],
        "unoccupiedSeconds": 595,
        "daylightSeconds": 900,
        "delivered": 118,
        "planted": 302,
        "lastMoney": 2149,
        "lastTasks": 183
      }
    },
    {
      "name": "4–7",
      "F": {
        "days": [
          4,
          5,
          6,
          7
        ],
        "unoccupiedSeconds": 362,
        "daylightSeconds": 1200,
        "delivered": 333,
        "planted": 831,
        "lastMoney": 5716,
        "lastTasks": 589
      },
      "G": {
        "days": [
          4,
          5,
          6,
          7
        ],
        "unoccupiedSeconds": 183,
        "daylightSeconds": 1200,
        "delivered": 425,
        "planted": 1012,
        "lastMoney": 7643,
        "lastTasks": 690
      }
    },
    {
      "name": "8–10",
      "F": {
        "days": [
          8,
          9,
          10
        ],
        "unoccupiedSeconds": 77,
        "daylightSeconds": 900,
        "delivered": 406,
        "planted": 822,
        "lastMoney": 2810,
        "lastTasks": 932
      },
      "G": {
        "days": [
          8,
          9,
          10
        ],
        "unoccupiedSeconds": 59,
        "daylightSeconds": 900,
        "delivered": 433,
        "planted": 840,
        "lastMoney": 3787,
        "lastTasks": 1016
      }
    }
  ],
  "activity": {
    "daylightSeconds": 3000,
    "unoccupiedSeconds": 837,
    "unoccupiedFraction": 0.279,
    "longestIdle": 165,
    "p90LongestIdle": 140
  },
  "cashflow": {
    "openingBalance": "1500",
    "harvestIncome": "35607",
    "seedCosts": "20190",
    "wageCosts": "12330",
    "repairCosts": "0",
    "centreCosts": "800",
    "wallCosts": "0",
    "otherNet": "0",
    "operatingCashFlow": "3087",
    "netCashFlowAfterConstruction": "2287",
    "endingBalance": "3787"
  },
  "scope": "One unchanged-policy G10. Terminal and source audit; no replay, 100-night acceptance, temporal route/FIFO proof or visual/GPU benchmark."
}
