{"biome":"sabana","day":1,"money":278,"result":null}
{"biome":"sabana","day":2,"money":120,"result":null}
{"biome":"sabana","day":3,"money":58,"result":null}
{"biome":"sabana","day":4,"money":46,"result":null}
{"biome":"sabana","day":5,"money":32,"result":null}
{"biome":"sabana","day":6,"money":30,"result":null}
{"biome":"sabana","day":7,"money":30,"result":null}
{"biome":"sabana","day":8,"money":32,"result":null}
{"biome":"sabana","day":9,"money":30,"result":"defeat"}
{"biome":"sabana","status":"audited","result":"defeat","completedNights":8,"money":30,"maximumLiving":448,"delivered":130,"unoccupiedFraction":0.9492592592592592,"gameOver":[{"id":"event-9521","type":"GameOver"}],"snapshotSha256":"3be338fb38d57dbbf400a926d743ba8ff3483fc9c3a2e568abd3ba263b47a6f9"}
{"biome":"gran-rio","day":1,"money":278,"result":null}
{"biome":"gran-rio","day":2,"money":120,"result":null}
{"biome":"gran-rio","day":3,"money":58,"result":null}
{"biome":"gran-rio","day":4,"money":46,"result":null}
{"biome":"gran-rio","day":5,"money":32,"result":null}
{"biome":"gran-rio","day":6,"money":30,"result":null}
{"biome":"gran-rio","day":7,"money":30,"result":null}
{"biome":"gran-rio","day":8,"money":32,"result":null}
{"biome":"gran-rio","day":9,"money":30,"result":"defeat"}
{"biome":"gran-rio","status":"audited","result":"defeat","completedNights":8,"money":30,"maximumLiving":448,"delivered":130,"unoccupiedFraction":0.9496296296296296,"gameOver":[{"id":"event-9520","type":"GameOver"}],"snapshotSha256":"69ace79a2a8befc4f1a41ffddaa8b805537509b71e252ba2f7ea4cb46333010d"}
{"biome":"manglares","day":1,"money":278,"result":null}
{"biome":"manglares","day":2,"money":122,"result":null}
{"biome":"manglares","day":3,"money":46,"result":null}
{"biome":"manglares","day":4,"money":30,"result":null}
{"biome":"manglares","day":5,"money":32,"result":null}
{"biome":"manglares","day":6,"money":32,"result":null}
{"biome":"manglares","day":7,"money":30,"result":null}
{"biome":"manglares","day":8,"money":32,"result":null}
{"biome":"manglares","day":9,"money":30,"result":null}
{"biome":"manglares","day":10,"money":30,"result":null}
{"biome":"manglares","status":"audited","result":null,"completedNights":10,"money":30,"maximumLiving":512,"delivered":141,"unoccupiedFraction":0.9503333333333334,"gameOver":[],"snapshotSha256":"e79b047c1e32842ba7306d90fd4bb97c9f54298054111bd75901319bdb6d03d5"}
{"biome":"volcanes","day":1,"money":278,"result":null}
{"biome":"volcanes","day":2,"money":120,"result":null}
{"biome":"volcanes","day":3,"money":58,"result":null}
{"biome":"volcanes","day":4,"money":46,"result":null}
{"biome":"volcanes","day":5,"money":32,"result":null}
{"biome":"volcanes","day":6,"money":30,"result":null}
{"biome":"volcanes","day":7,"money":32,"result":null}
{"biome":"volcanes","day":8,"money":30,"result":null}
{"biome":"volcanes","day":9,"money":32,"result":"defeat"}
{"biome":"volcanes","status":"audited","result":"defeat","completedNights":8,"money":32,"maximumLiving":450,"delivered":131,"unoccupiedFraction":0.9488888888888889,"gameOver":[{"id":"event-9523","type":"GameOver"}],"snapshotSha256":"3338911c57c2fdeebd39021cf91c50494b93d480643eb6a8b0f590a4ff8eaa40"}
{"biome":"gran-canon","day":1,"money":180,"result":null}
{"biome":"gran-canon","day":2,"money":116,"result":null}
{"biome":"gran-canon","day":3,"money":30,"result":null}
{"biome":"gran-canon","day":4,"money":32,"result":null}
{"biome":"gran-canon","day":5,"money":32,"result":null}
{"biome":"gran-canon","day":6,"money":88,"result":null}
{"biome":"gran-canon","day":7,"money":30,"result":null}
{"biome":"gran-canon","day":8,"money":32,"result":null}
{"biome":"gran-canon","day":9,"money":30,"result":null}
{"biome":"gran-canon","day":10,"money":32,"result":null}
{"biome":"gran-canon","status":"audited","result":null,"completedNights":10,"money":32,"maximumLiving":358,"delivered":98,"unoccupiedFraction":0.9626666666666667,"gameOver":[],"snapshotSha256":"1694f9e73599ef3ec4b37b6fd1b80d16b8f96cb1ac85a2de9b2711d1da78d0ac"}
{"biome":"desierto","day":1,"money":180,"result":null}
{"biome":"desierto","day":2,"money":60,"result":null}
{"biome":"desierto","day":3,"money":44,"result":null}
{"biome":"desierto","day":4,"money":46,"result":null}
{"biome":"desierto","day":5,"money":60,"result":null}
{"biome":"desierto","day":6,"money":30,"result":null}
{"biome":"desierto","day":7,"money":32,"result":null}
{"biome":"desierto","day":8,"money":58,"result":null}
{"biome":"desierto","day":9,"money":32,"result":null}
{"biome":"desierto","day":10,"money":60,"result":null}
{"biome":"desierto","status":"audited","result":null,"completedNights":10,"money":60,"maximumLiving":310,"delivered":69,"unoccupiedFraction":0.9726666666666667,"gameOver":[],"snapshotSha256":"650630bbbe86007d47ef57339ef76e88e162458f1dda3409a6b8f190a316785d"}
