
> wild-guardians-africa@0.1.0 build
> vite build

vite v6.4.3 building for production...
transforming...
✓ 289 modules transformed.
rendering chunks...
computing gzip size...
dist/index.html                                     0.56 kB │ gzip:   0.37 kB
dist/assets/far-ground-seam-worker-9DJVojOS.js     13.76 kB
dist/assets/horizon-worker-DUXMqnYL.js             16.07 kB
dist/assets/chunk-worker-Bi0TFTQb.js               33.41 kB
dist/assets/far-scene-worker-Cg-aKYb7.js           37.03 kB
dist/assets/raid-entry-worker-D4U-adpX.js          90.34 kB
dist/assets/hiring-route-worker-BiO-m3bp.js       163.41 kB
dist/assets/index-T8okAO2r.css                     21.70 kB │ gzip:   5.45 kB
dist/assets/far-vegetation-Hhs2OLzd.js             85.19 kB │ gzip:  28.49 kB
dist/assets/index-DkYY2qaH.js                   1,551.77 kB │ gzip: 463.29 kB

(!) Some chunks are larger than 500 kB after minification. Consider:
- Using dynamic import() to code-split the application
- Use build.rollupOptions.output.manualChunks to improve chunking: https://rollupjs.org/configuration-options/#output-manualchunks
- Adjust chunk size limit for this warning via build.chunkSizeWarningLimit.
✓ built in 10.51s
