[
  {
    "culture": "musgum",
    "sourceOriginal": "3324d17dd2305ea8595aea311c518cc6db2404ad",
    "raidEnded": true,
    "nextDay": 70,
    "status": "gone",
    "hits": 0,
    "distance": 59.76989577679078,
    "simulatedSeconds": 75.79999999999997,
    "cpuTickMs": {
      "first": 263.0949,
      "p50": 3.751899999999978,
      "p95": 6.968600000000151,
      "max": 278.2673
    },
    "counters": {
      "staticChunks": 7,
      "workerRefinement": {
        "checks": 8215,
        "cacheHits": 441,
        "fineSegments": 116,
        "finePoints": 21973,
        "rejected": 1
      }
    },
    "note": "CPU-only cold native replay including lazy terrain/collision preparation and all workers; not an isolated helper or GPU/frame-time benchmark"
  },
  {
    "culture": "etiope",
    "sourceOriginal": "3324d17dd2305ea8595aea311c518cc6db2404ad",
    "raidEnded": true,
    "nextDay": 74,
    "status": "gone",
    "hits": 0,
    "distance": 65.05881766905082,
    "simulatedSeconds": 137.69999999999646,
    "cpuTickMs": {
      "first": 247.1509000000001,
      "p50": 5.563899999999194,
      "p95": 36.0640999999996,
      "max": 685.1582000000017
    },
    "counters": {
      "staticChunks": 8,
      "workerRefinement": {
        "checks": 10350,
        "cacheHits": 491,
        "fineSegments": 183,
        "finePoints": 30879,
        "rejected": 6
      }
    },
    "note": "CPU-only cold native replay including lazy terrain/collision preparation and all workers; not an isolated helper or GPU/frame-time benchmark"
  },
  {
    "culture": "suajili",
    "sourceOriginal": "3324d17dd2305ea8595aea311c518cc6db2404ad",
    "raidEnded": true,
    "nextDay": 72,
    "status": "gone",
    "hits": 0,
    "distance": 54.510445287443375,
    "simulatedSeconds": 23.20000000000006,
    "cpuTickMs": {
      "first": 755.8590000000004,
      "p50": 1.5221000000019558,
      "p95": 17.742899999997462,
      "max": 961.3748999999989
    },
    "counters": {
      "staticChunks": 9,
      "workerRefinement": {
        "checks": 8430,
        "cacheHits": 282,
        "fineSegments": 320,
        "finePoints": 57163,
        "rejected": 0
      }
    },
    "note": "CPU-only cold native replay including lazy terrain/collision preparation and all workers; not an isolated helper or GPU/frame-time benchmark"
  }
]
