TAP version 13
# Subtest: invalid calendar intro override fails before write
ok 1 - invalid calendar intro override fails before write
  ---
  duration_ms: 182.9338
  ...
# Subtest: invalid calendar calendar gap fails before write
ok 2 - invalid calendar calendar gap fails before write
  ---
  duration_ms: 138.0982
  ...
# Subtest: invalid calendar incomplete campaign fails before write
ok 3 - invalid calendar incomplete campaign fails before write
  ---
  duration_ms: 136.505
  ...
# Subtest: invalid calendar unbounded budget fails before write
ok 4 - invalid calendar unbounded budget fails before write
  ---
  duration_ms: 126.1705
  ...
# Subtest: invalid calendar noninteger budget fails before write
ok 5 - invalid calendar noninteger budget fails before write
  ---
  duration_ms: 133.4806
  ...
# Subtest: omitting calendar retains canonical original intervals and no extra field
ok 6 - omitting calendar retains canonical original intervals and no extra field
  ---
  duration_ms: 157.9874
  ...
1..6
# tests 6
# suites 0
# pass 6
# fail 0
# cancelled 0
# skipped 0
# todo 0
# duration_ms 1007.1613
