TAP version 13
# Subtest: opposed animals route around each other when both short lookahead goals are occupied
ok 1 - opposed animals route around each other when both short lookahead goals are occupied # SKIP test name does not match pattern
  ---
  duration_ms: 1.6008
  ...
# Subtest: recorded five-animal Musgum traffic clears without overlapping bodies or changing destination
ok 2 - recorded five-animal Musgum traffic clears without overlapping bodies or changing destination # SKIP test name does not match pattern
  ---
  duration_ms: 0.1074
  ...
# Subtest: rejoining beyond occupied waypoints validates the entire retained shortcut around a solid building
not ok 3 - rejoining beyond occupied waypoints validates the entire retained shortcut around a solid building
  ---
  duration_ms: 4.5448
  location: 'file:///C:/Users/PC/source/repos/wild-guardians-africa/tests/actor-motion.test.js:52:1'
  failureType: 'testCodeFailure'
  error: 'The unchecked tail of a shortcut must not cross the building'
  code: 'ERR_ASSERTION'
  name: 'AssertionError'
  expected: true
  actual: false
  operator: '=='
  stack: |-
    TestContext.<anonymous> (file:///C:/Users/PC/source/repos/wild-guardians-africa/tests/actor-motion.test.js:63:10)
    Test.runInAsyncScope (node:async_hooks:206:9)
    Test.run (node:internal/test_runner/test:631:25)
    Test.processPendingSubtests (node:internal/test_runner/test:374:18)
    Test.postRun (node:internal/test_runner/test:715:19)
    Test.run (node:internal/test_runner/test:673:12)
    async Test.processPendingSubtests (node:internal/test_runner/test:374:7)
  ...
# Subtest: warthog: exhausted native body detours around a worker without a hit, speed increase or invalid segment
ok 4 - warthog: exhausted native body detours around a worker without a hit, speed increase or invalid segment # SKIP test name does not match pattern
  ---
  duration_ms: 0.1233
  ...
# Subtest: hyena: exhausted native body detours around a worker without a hit, speed increase or invalid segment
ok 5 - hyena: exhausted native body detours around a worker without a hit, speed increase or invalid segment # SKIP test name does not match pattern
  ---
  duration_ms: 0.1774
  ...
# Subtest: buffalo: exhausted native body detours around a worker without a hit, speed increase or invalid segment
ok 6 - buffalo: exhausted native body detours around a worker without a hit, speed increase or invalid segment # SKIP test name does not match pattern
  ---
  duration_ms: 0.1181
  ...
# Subtest: lion: exhausted native body detours around a worker without a hit, speed increase or invalid segment
ok 7 - lion: exhausted native body detours around a worker without a hit, speed increase or invalid segment # SKIP test name does not match pattern
  ---
  duration_ms: 0.1295
  ...
# Subtest: rhino: exhausted native body detours around a worker without a hit, speed increase or invalid segment
ok 8 - rhino: exhausted native body detours around a worker without a hit, speed increase or invalid segment # SKIP test name does not match pattern
  ---
  duration_ms: 0.1185
  ...
# Subtest: An occupied narrow static passage waits, keeps the exit, and resumes when the person reaches home
ok 9 - An occupied narrow static passage waits, keeps the exit, and resumes when the person reaches home # SKIP test name does not match pattern
  ---
  duration_ms: 0.2657
  ...
# Subtest: Workers avoid a retreating beast in both movement directions and charge only travelled running metres
ok 10 - Workers avoid a retreating beast in both movement directions and charge only travelled running metres # SKIP test name does not match pattern
  ---
  duration_ms: 0.2587
  ...
# Subtest: A worker blocked by a retreating body spends no reserve or gait time, then resumes the same paid route
ok 11 - A worker blocked by a retreating body spends no reserve or gait time, then resumes the same paid route # SKIP test name does not match pattern
  ---
  duration_ms: 0.3461
  ...
# Subtest: Two native animals crossing opposite ways maintain separation and both finish
ok 12 - Two native animals crossing opposite ways maintain separation and both finish # SKIP test name does not match pattern
  ---
  duration_ms: 0.1423
  ...
# Subtest: Saving midway through a detour preserves its route and deterministic motion
ok 13 - Saving midway through a detour preserves its route and deterministic motion # SKIP test name does not match pattern
  ---
  duration_ms: 0.3051
  ...
# Subtest: Physical clearance preserves active encounters but protects incapacitated people and exhausted states
ok 14 - Physical clearance preserves active encounters but protects incapacitated people and exhausted states # SKIP test name does not match pattern
  ---
  duration_ms: 0.3951
  ...
# Subtest: Legacy overlaps may escape continuously but cannot move deeper or across the other body
ok 15 - Legacy overlaps may escape continuously but cannot move deeper or across the other body # SKIP test name does not match pattern
  ---
  duration_ms: 0.1145
  ...
# Subtest: Crowded crop approaches are recomputed outside the other native bodies and the raid completes
ok 16 - Crowded crop approaches are recomputed outside the other native bodies and the raid completes # SKIP test name does not match pattern
  ---
  duration_ms: 0.1003
  ...
# Subtest: Sabana/712: two native animals rejoin beyond occupied waypoints without permanent waiting or clipping
ok 17 - Sabana/712: two native animals rejoin beyond occupied waypoints without permanent waiting or clipping # SKIP test name does not match pattern
  ---
  duration_ms: 0.2336
  ...
1..17
# tests 17
# suites 0
# pass 0
# fail 1
# cancelled 0
# skipped 16
# todo 0
# duration_ms 191.6397
