{
  "source": "d667b537096b620e212d1f635b9ee71d0e3ecff8",
  "sourceHashesVerified": 376,
  "producerStatus": "failed",
  "defeats": 0,
  "rows": [
    {
      "biome": "sabana",
      "result": null,
      "completedNights": 10,
      "money": 32,
      "paidCrates": 141,
      "inactivity": 0.9323333333333333,
      "snapshotSha256": "e4be68576faafeff2d3ad12a7d9b7f6adfc9ff01139b896e6e8c38f3cccaea15",
      "physicalLedgerAndFullSummaryVerified": true
    },
    {
      "biome": "gran-rio",
      "result": null,
      "completedNights": 10,
      "money": 33,
      "paidCrates": 147,
      "inactivity": 0.9443333333333334,
      "snapshotSha256": "70183c00b60f68de1276303c36557fb8145306791f2c68ab7f40695352dfa273",
      "physicalLedgerAndFullSummaryVerified": true
    },
    {
      "biome": "manglares",
      "result": null,
      "completedNights": 10,
      "money": 32,
      "paidCrates": 149,
      "inactivity": 0.944,
      "snapshotSha256": "c22c779769a981380ce41d8a245b9897c4206bc5d31c7450280181fa97ffdf1d",
      "physicalLedgerAndFullSummaryVerified": true
    },
    {
      "biome": "volcanes",
      "result": null,
      "completedNights": 10,
      "money": 33,
      "paidCrates": 148,
      "inactivity": 0.944,
      "snapshotSha256": "e322be3ea8ba14ec55f13842c4b3d9b9ed0dd32dc9a7191f3e2d84d205f27a2a",
      "physicalLedgerAndFullSummaryVerified": true
    },
    {
      "biome": "gran-canon",
      "result": null,
      "completedNights": 10,
      "money": 34,
      "paidCrates": 153,
      "inactivity": 0.9506666666666667,
      "snapshotSha256": "21d8bc955981d1b65b1f0817245949c7163e51112abf9c1f74b0785fafbdd7f9",
      "physicalLedgerAndFullSummaryVerified": true
    },
    {
      "biome": "desierto",
      "result": null,
      "completedNights": 10,
      "money": 32,
      "paidCrates": 125,
      "inactivity": 0.953,
      "snapshotSha256": "96c280efb17ad537c384b2b203fdf16c29229c1d814c3150df85b2f0e928028f",
      "physicalLedgerAndFullSummaryVerified": true
    }
  ],
  "files": {
    "matrix.json": "14b3172d90864a14828387095fc83296594ec931e4d6496ea3d44864797046a7",
    "preflight.json": "f2137ba8b98b6ca990b3a510f5ffe0257e9f860f3a64a28a54dc17b8b9fbcf82",
    "sabana-report.json": "54b4746de5136d3a8331fd9ee8e113630d8969c03e7e1c8f2ba3eb744e4c2d5f",
    "sabana-state.json.gz": "fcb79f195454c8d069f7b39acf52baf38ba888b87d541b25af4b3dca54bb48fd",
    "sabana-summary.json": "9b19112f3b6ccb7fb09b348c104f884903982a0d557571231bf25d0eeaf969fc",
    "gran-rio-report.json": "5d8d220087f43394c23f706d9b0d9554225154b2d3ad3fd7d581015164ca38ee",
    "gran-rio-state.json.gz": "091084b23a5fcb931935450bbde0ac94c25dcdc6dae370721ded1411cba3bb66",
    "gran-rio-summary.json": "61df9a09e6e6059d4251c891467c5459ac2dfe92e8ffe349bcbbbc067dbb3ea5",
    "manglares-report.json": "d6a518f4036dc3f06fec5e9dc34ecdbd07be189ab4c072386f355087315642d5",
    "manglares-state.json.gz": "72727598c7c17f31002b215d023d5ce5bef671fe6734d07544123b7b4c6a3cf3",
    "manglares-summary.json": "46c3f240a843dae0ff759882af55a748b69475be6e7fea5311d1b9652cdc1715",
    "volcanes-report.json": "38ae3bd267a3760a7d1521d607228c8c8f6d33dfaa82440e22733b3dce5b2961",
    "volcanes-state.json.gz": "4cd65632fb30653cb61a26a6c2f28aec1e9654db989a6292f1b8d2ea9f16ea99",
    "volcanes-summary.json": "bd97d4f5346e49993e60d6b1a3486d033c4aef6c3bc2c9eac7d145f6f5b8096c",
    "gran-canon-report.json": "305e809313118af3ab66f34e7fe3aeba11b4b9a5d89e7f0d17fdc9746aebb621",
    "gran-canon-state.json.gz": "bbb4bb01842f6b8db9b3ecc1474a044c844c76dab48f40fd19f0c4501e0d9da2",
    "gran-canon-summary.json": "add66328b0486f08318c5fa2ba1039df2d7478251120d94ee7e9a274f11874dd",
    "desierto-report.json": "424792e3dc0f7d197bd6d258de45ea04a7ff930f0cb4a9437ef27e25fe34d131",
    "desierto-state.json.gz": "80af03b8642f47190b506014728ffeb6cf09f926739c1c7fe8edf314fc308062",
    "desierto-summary.json": "dc897e636f2cc5b57b69f4a22327a2304dfe16eb8a2d1adb8e5d128a8d0198cd"
  },
  "auditorSha256": "4d4ba5c8f6b488e17e62ab52fe64162c6bebc62514f2015ac47def89dbd1ac74",
  "riskGateAccepted": false,
  "scope": "Original poor policy six-biome ten-night terminals; exact frozen sources, ledger/hydration/physical crates and summaries. Survival is preserved, never converted into defeat. No longer-horizon risk proof, matrix30 or balance promotion."
}
