{"biome":"sabana","day":1,"money":242,"result":null}
{"biome":"sabana","day":2,"money":93,"result":null}
{"biome":"sabana","day":3,"money":34,"result":null}
{"biome":"sabana","day":4,"money":30,"result":null}
{"biome":"sabana","day":5,"money":66,"result":null}
{"biome":"sabana","day":6,"money":34,"result":null}
{"biome":"sabana","day":7,"money":30,"result":null}
{"biome":"sabana","day":8,"money":32,"result":null}
{"biome":"sabana","day":9,"money":31,"result":null}
{"biome":"sabana","day":10,"money":32,"result":null}
{"biome":"sabana","status":"audited","result":null,"completedNights":10,"money":32,"maximumLiving":989,"delivered":141,"unoccupiedFraction":0.9323333333333333,"gameOver":[],"snapshotSha256":"e4be68576faafeff2d3ad12a7d9b7f6adfc9ff01139b896e6e8c38f3cccaea15"}
{"biome":"gran-rio","day":1,"money":242,"result":null}
{"biome":"gran-rio","day":2,"money":93,"result":null}
{"biome":"gran-rio","day":3,"money":33,"result":null}
{"biome":"gran-rio","day":4,"money":34,"result":null}
{"biome":"gran-rio","day":5,"money":30,"result":null}
{"biome":"gran-rio","day":6,"money":33,"result":null}
{"biome":"gran-rio","day":7,"money":33,"result":null}
{"biome":"gran-rio","day":8,"money":30,"result":null}
{"biome":"gran-rio","day":9,"money":30,"result":null}
{"biome":"gran-rio","day":10,"money":33,"result":null}
{"biome":"gran-rio","status":"audited","result":null,"completedNights":10,"money":33,"maximumLiving":1060,"delivered":147,"unoccupiedFraction":0.9443333333333334,"gameOver":[],"snapshotSha256":"70183c00b60f68de1276303c36557fb8145306791f2c68ab7f40695352dfa273"}
{"biome":"manglares","day":1,"money":242,"result":null}
{"biome":"manglares","day":2,"money":90,"result":null}
{"biome":"manglares","day":3,"money":31,"result":null}
{"biome":"manglares","day":4,"money":32,"result":null}
{"biome":"manglares","day":5,"money":63,"result":null}
{"biome":"manglares","day":6,"money":31,"result":null}
{"biome":"manglares","day":7,"money":31,"result":null}
{"biome":"manglares","day":8,"money":33,"result":null}
{"biome":"manglares","day":9,"money":33,"result":null}
{"biome":"manglares","day":10,"money":32,"result":null}
{"biome":"manglares","status":"audited","result":null,"completedNights":10,"money":32,"maximumLiving":1110,"delivered":149,"unoccupiedFraction":0.944,"gameOver":[],"snapshotSha256":"c22c779769a981380ce41d8a245b9897c4206bc5d31c7450280181fa97ffdf1d"}
{"biome":"volcanes","day":1,"money":242,"result":null}
{"biome":"volcanes","day":2,"money":93,"result":null}
{"biome":"volcanes","day":3,"money":33,"result":null}
{"biome":"volcanes","day":4,"money":34,"result":null}
{"biome":"volcanes","day":5,"money":30,"result":null}
{"biome":"volcanes","day":6,"money":33,"result":null}
{"biome":"volcanes","day":7,"money":30,"result":null}
{"biome":"volcanes","day":8,"money":34,"result":null}
{"biome":"volcanes","day":9,"money":30,"result":null}
{"biome":"volcanes","day":10,"money":33,"result":null}
{"biome":"volcanes","status":"audited","result":null,"completedNights":10,"money":33,"maximumLiving":1056,"delivered":148,"unoccupiedFraction":0.944,"gameOver":[],"snapshotSha256":"e322be3ea8ba14ec55f13842c4b3d9b9ed0dd32dc9a7191f3e2d84d205f27a2a"}
{"biome":"gran-canon","day":1,"money":540,"result":null}
{"biome":"gran-canon","day":2,"money":240,"result":null}
{"biome":"gran-canon","day":3,"money":92,"result":null}
{"biome":"gran-canon","day":4,"money":65,"result":null}
{"biome":"gran-canon","day":5,"money":67,"result":null}
{"biome":"gran-canon","day":6,"money":97,"result":null}
{"biome":"gran-canon","day":7,"money":31,"result":null}
{"biome":"gran-canon","day":8,"money":34,"result":null}
{"biome":"gran-canon","day":9,"money":32,"result":null}
{"biome":"gran-canon","day":10,"money":34,"result":null}
{"biome":"gran-canon","status":"audited","result":null,"completedNights":10,"money":34,"maximumLiving":951,"delivered":153,"unoccupiedFraction":0.9506666666666667,"gameOver":[],"snapshotSha256":"21d8bc955981d1b65b1f0817245949c7163e51112abf9c1f74b0785fafbdd7f9"}
{"biome":"desierto","day":1,"money":372,"result":null}
{"biome":"desierto","day":2,"money":250,"result":null}
{"biome":"desierto","day":3,"money":122,"result":null}
{"biome":"desierto","day":4,"money":31,"result":null}
{"biome":"desierto","day":5,"money":33,"result":null}
{"biome":"desierto","day":6,"money":30,"result":null}
{"biome":"desierto","day":7,"money":30,"result":null}
{"biome":"desierto","day":8,"money":32,"result":null}
{"biome":"desierto","day":9,"money":30,"result":null}
{"biome":"desierto","day":10,"money":32,"result":null}
{"biome":"desierto","status":"audited","result":null,"completedNights":10,"money":32,"maximumLiving":834,"delivered":125,"unoccupiedFraction":0.953,"gameOver":[],"snapshotSha256":"96c280efb17ad537c384b2b203fdf16c29229c1d814c3150df85b2f0e928028f"}
