TAP version 13
# Subtest: QA-011: accelerated night splits at raid arrival before moving the animal at normal speed
not ok 1 - QA-011: accelerated night splits at raid arrival before moving the animal at normal speed
  ---
  duration_ms: 5.5843
  location: 'file:///C:/Users/PC/source/repos/wild-guardians-africa/tests/acceptance-clock.test.js:15:1'
  failureType: 'testCodeFailure'
  error: '0.18999999999999773 != 0'
  code: 'ERR_ASSERTION'
  name: 'AssertionError'
  expected: true
  actual: false
  operator: '=='
  stack: |-
    close (file:///C:/Users/PC/source/repos/wild-guardians-africa/tests/acceptance-clock.test.js:13:39)
    TestContext.<anonymous> (file:///C:/Users/PC/source/repos/wild-guardians-africa/tests/acceptance-clock.test.js:18:29)
    Test.runInAsyncScope (node:async_hooks:206:9)
    Test.run (node:internal/test_runner/test:631:25)
    Test.start (node:internal/test_runner/test:542:17)
    startSubtest (node:internal/test_runner/harness:216:17)
  ...
# Subtest: QA-011: one real frame straddling raid arrival matches two frames split at its boundary
not ok 2 - QA-011: one real frame straddling raid arrival matches two frames split at its boundary
  ---
  duration_ms: 0.6688
  location: 'file:///C:/Users/PC/source/repos/wild-guardians-africa/tests/acceptance-clock.test.js:23:1'
  failureType: 'testCodeFailure'
  error: '400.05 != 400.01'
  code: 'ERR_ASSERTION'
  name: 'AssertionError'
  expected: true
  actual: false
  operator: '=='
  stack: |-
    close (file:///C:/Users/PC/source/repos/wild-guardians-africa/tests/acceptance-clock.test.js:13:39)
    TestContext.<anonymous> (file:///C:/Users/PC/source/repos/wild-guardians-africa/tests/acceptance-clock.test.js:26:3)
    Test.runInAsyncScope (node:async_hooks:206:9)
    Test.run (node:internal/test_runner/test:631:25)
    Test.processPendingSubtests (node:internal/test_runner/test:374:18)
    Test.postRun (node:internal/test_runner/test:715:19)
    Test.run (node:internal/test_runner/test:673:12)
    async startSubtest (node:internal/test_runner/harness:216:3)
  ...
# Subtest: QA-009/010/015: 300 real daytime seconds and 60 calm-night seconds reach one blocked dawn
ok 3 - QA-009/010/015: 300 real daytime seconds and 60 calm-night seconds reach one blocked dawn
  ---
  duration_ms: 47.5516
  ...
# Subtest: QA-009/010: fractional daylight-to-night frame uses each side of the boundary at its own speed
not ok 4 - QA-009/010: fractional daylight-to-night frame uses each side of the boundary at its own speed
  ---
  duration_ms: 0.3326
  location: 'file:///C:/Users/PC/source/repos/wild-guardians-africa/tests/acceptance-clock.test.js:42:1'
  failureType: 'testCodeFailure'
  error: '300.01 != 300.05'
  code: 'ERR_ASSERTION'
  name: 'AssertionError'
  expected: true
  actual: false
  operator: '=='
  stack: |-
    close (file:///C:/Users/PC/source/repos/wild-guardians-africa/tests/acceptance-clock.test.js:13:39)
    TestContext.<anonymous> (file:///C:/Users/PC/source/repos/wild-guardians-africa/tests/acceptance-clock.test.js:44:3)
    Test.runInAsyncScope (node:async_hooks:206:9)
    Test.run (node:internal/test_runner/test:631:25)
    Test.processPendingSubtests (node:internal/test_runner/test:374:18)
    Test.postRun (node:internal/test_runner/test:715:19)
    Test.run (node:internal/test_runner/test:673:12)
    async Test.processPendingSubtests (node:internal/test_runner/test:374:7)
  ...
1..4
# tests 4
# suites 0
# pass 1
# fail 3
# cancelled 0
# skipped 0
# todo 0
# duration_ms 196.4275
