TAP version 13
# Subtest: QA-011: accelerated night splits at raid arrival before moving the animal at normal speed
ok 1 - QA-011: accelerated night splits at raid arrival before moving the animal at normal speed
  ---
  duration_ms: 7.162
  ...
# Subtest: QA-011: one real frame straddling raid arrival matches two frames split at its boundary
ok 2 - QA-011: one real frame straddling raid arrival matches two frames split at its boundary
  ---
  duration_ms: 1.3833
  ...
# Subtest: QA-009/010/015: 300 real daytime seconds and 60 calm-night seconds reach one blocked dawn
ok 3 - QA-009/010/015: 300 real daytime seconds and 60 calm-night seconds reach one blocked dawn
  ---
  duration_ms: 93.6643
  ...
# Subtest: QA-009/010: fractional daylight-to-night frame uses each side of the boundary at its own speed
ok 4 - QA-009/010: fractional daylight-to-night frame uses each side of the boundary at its own speed
  ---
  duration_ms: 1.2291
  ...
# Subtest: QA-010: a full calm night preserves growth and remaining water tolerance
ok 5 - QA-010: a full calm night preserves growth and remaining water tolerance
  ---
  duration_ms: 37.1445
  ...
# Subtest: QA-012/013: only the last animal leaving restores accelerated night and emits one end
ok 6 - QA-012/013: only the last animal leaving restores accelerated night and emits one end
  ---
  duration_ms: 2.8161
  ...
# Subtest: QA-007/014: blocked real-time advances preserve every field until all pause causes clear
ok 7 - QA-007/014: blocked real-time advances preserve every field until all pause causes clear
  ---
  duration_ms: 0.8323
  ...
# Subtest: A harvest begun before shift end completes its native action and physical transport across dawn
ok 8 - A harvest begun before shift end completes its native action and physical transport across dawn
  ---
  duration_ms: 88.9812
  ...
# Subtest: A delivery crossing dawn retains its carrier, position and unpaid value through zero hiring and reload
ok 9 - A delivery crossing dawn retains its carrier, position and unpaid value through zero hiring and reload
  ---
  duration_ms: 8.0188
  ...
# Subtest: A busy person cannot be hired twice; only the new daily contract is charged
ok 10 - A busy person cannot be hired twice; only the new daily contract is charged
  ---
  duration_ms: 2.1277
  ...
# Subtest: An expired carrier finishes its chain but cannot take ordinary tasks from the new day
ok 11 - An expired carrier finishes its chain but cannot take ordinary tasks from the new day
  ---
  duration_ms: 6.562
  ...
# Subtest: Replaying a hiring transaction from the previous day leaves hiring open and grants no free new contract
ok 12 - Replaying a hiring transaction from the previous day leaves hiring open and grants no free new contract
  ---
  duration_ms: 1.5376
  ...
# Subtest: Cargo coordinates follow the actual carrier after every movement step
ok 13 - Cargo coordinates follow the actual carrier after every movement step
  ---
  duration_ms: 1.0421
  ...
# Subtest: Losing the carrier center drops the box at its physical position without paying or deleting it
ok 14 - Losing the carrier center drops the box at its physical position without paying or deleting it
  ---
  duration_ms: 1.0475
  ...
# Subtest: Snapshot validation rejects orphaned, duplicated or inconsistent carrier links
ok 15 - Snapshot validation rejects orphaned, duplicated or inconsistent carrier links
  ---
  duration_ms: 7.2755
  ...
# Subtest: Fractional wallet balances and settled ledger entries are rejected while a pending harvest formula remains valid
ok 16 - Fractional wallet balances and settled ledger entries are rejected while a pending harvest formula remains valid
  ---
  duration_ms: 1.981
  ...
# Subtest: New harvest provenance survives reload and rejects an orphan, species mismatch, living source or duplicated yield
ok 17 - New harvest provenance survives reload and rejects an orphan, species mismatch, living source or duplicated yield
  ---
  duration_ms: 3.2271
  ...
# Subtest: A corrupt latest carrier relation falls back to the last valid saved snapshot
ok 18 - A corrupt latest carrier relation falls back to the last valid saved snapshot
  ---
  duration_ms: 2.4834
  ...
# Subtest: A route blocked after reservation releases its worker without deleting the task or starting an action
ok 19 - A route blocked after reservation releases its worker without deleting the task or starting an action
  ---
  duration_ms: 8.7028
  ...
# Subtest: Repair settles its rounded current price exactly once on arrival, without an extra animation delay
ok 20 - Repair settles its rounded current price exactly once on arrival, without an extra animation delay
  ---
  duration_ms: 5.4499
  ...
# Subtest: Funds spent after requesting repair cancel execution at arrival without partial payment
ok 21 - Funds spent after requesting repair cancel execution at arrival without partial payment
  ---
  duration_ms: 1.4667
  ...
# Subtest: Surviving repair order becomes full reconstruction and does not wait for collapse to finish
ok 22 - Surviving repair order becomes full reconstruction and does not wait for collapse to finish
  ---
  duration_ms: 1.4236
  ...
# Subtest: Starting an attack immediately cancels manual repair orders and releases the worker
ok 23 - Starting an attack immediately cancels manual repair orders and releases the worker
  ---
  duration_ms: 1.7138
  ...
# Subtest: Postgame founding uses complete native village, valid departure, exact linear costs and persistent state
ok 24 - Postgame founding uses complete native village, valid departure, exact linear costs and persistent state
  ---
  duration_ms: 9.0264
  ...
# Subtest: A village without a walkable departure is rejected before charging or founding
ok 25 - A village without a walkable departure is rejected before charging or founding
  ---
  duration_ms: 1.3208
  ...
# Subtest: 30 canonical combinations validate and each new game starts isolated at 1000
ok 26 - 30 canonical combinations validate and each new game starts isolated at 1000
  ---
  duration_ms: 3.1107
  ...
# Subtest: First day center/plant/tutorial hiring sequence and payment idempotency
ok 27 - First day center/plant/tutorial hiring sequence and payment idempotency
  ---
  duration_ms: 0.8664
  ...
# Subtest: Invalid placement makes no economic or world modification
ok 28 - Invalid placement makes no economic or world modification
  ---
  duration_ms: 0.532
  ...
# Subtest: Workers physically plant, water and harvest; only crate delivery pays
ok 29 - Workers physically plant, water and harvest; only crate delivery pays
  ---
  duration_ms: 36.1673
  ...
# Subtest: Stacked pauses freeze crops and spell clocks
ok 30 - Stacked pauses freeze crops and spell clocks
  ---
  duration_ms: 1.3652
  ...
# Subtest: Manual harvest orders survive queue reconstruction, manual repairs do not
ok 31 - Manual harvest orders survive queue reconstruction, manual repairs do not
  ---
  duration_ms: 0.8298
  ...
# Subtest: New midday center does not move plants or employees
ok 32 - New midday center does not move plants or employees
  ---
  duration_ms: 2.8517
  ...
# Subtest: Growth/multiply permissions, area nonoverlap, cooldown from activation and expiry
ok 33 - Growth/multiply permissions, area nonoverlap, cooldown from activation and expiry
  ---
  duration_ms: 5.4884
  ...
# Subtest: Night 1 is calm, night 2 exactly one tutorial warthog with zero attraction
ok 34 - Night 1 is calm, night 2 exactly one tutorial warthog with zero attraction
  ---
  duration_ms: 0.4746
  ...
# Subtest: Raid drops a carried crate, frees tasks and preserves its value
ok 35 - Raid drops a carried crate, frees tasks and preserves its value
  ---
  duration_ms: 1.0717
  ...
# Subtest: Combo attack counts one logical hit; active raid survives roundtrip
ok 36 - Combo attack counts one logical hit; active raid survives roundtrip
  ---
  duration_ms: 4.055
  ...
# Subtest: Attack crossing dawn prevents events, hiring and night completion until departure
ok 37 - Attack crossing dawn prevents events, hiring and night completion until departure
  ---
  duration_ms: 2.0703
  ...
# Subtest: Final raid defeat takes precedence over hundredth night victory
ok 38 - Final raid defeat takes precedence over hundredth night victory
  ---
  duration_ms: 2.032
  ...
# Subtest: Hundredth completed night wins only after economic check; postgame suppresses attacks
ok 39 - Hundredth completed night wins only after economic check; postgame suppresses attacks
  ---
  duration_ms: 0.5293
  ...
# Subtest: Event frost leaves mature plants intact; favorable growth keeps mandatory water debt
ok 40 - Event frost leaves mature plants intact; favorable growth keeps mandatory water debt
  ---
  duration_ms: 0.441
  ...
# Subtest: Plague consumes half remaining tolerance without killing plants or changing coins
ok 41 - Plague consumes half remaining tolerance without killing plants or changing coins
  ---
  duration_ms: 0.3543
  ...
# Subtest: Basic readings advance only manually and do not create, plant or pay anything
ok 42 - Basic readings advance only manually and do not create, plant or pay anything
  ---
  duration_ms: 5.5344
  ...
# Subtest: An already placed native center is recognized without charging a second one
ok 43 - An already placed native center is recognized without charging a second one
  ---
  duration_ms: 3065.2543
  ...
# Subtest: The native farm resumes physical worker actions after reading, and completes only after a paid delivery
ok 44 - The native farm resumes physical worker actions after reading, and completes only after a paid delivery
  ---
  duration_ms: 3768.4082
  ...
# Subtest: Only a previously completed basic tutorial can be skipped; new magic still interrupts the second slot
ok 45 - Only a previously completed basic tutorial can be skipped; new magic still interrupts the second slot
  ---
  duration_ms: 0.8634
  ...
# Subtest: The first unknown raid and Shield pause together; known later raids never add another tutorial pause
ok 46 - The first unknown raid and Shield pause together; known later raids never add another tutorial pause
  ---
  duration_ms: 0.4301
  ...
# Subtest: Growth, Multiply and recovery have independent IDs; repeats and unrelated pauses remain intact
ok 47 - Growth, Multiply and recovery have independent IDs; repeats and unrelated pauses remain intact
  ---
  duration_ms: 0.4157
  ...
# Subtest: Loading preserves an unfinished reading and queue without replaying its sound or silently acknowledging it
ok 48 - Loading preserves an unfinished reading and queue without replaying its sound or silently acknowledging it
  ---
  duration_ms: 1.4872
  ...
# Subtest: Global profile writes merge seen IDs and malformed or unknown data cannot silence messages
ok 49 - Global profile writes merge seen IDs and malformed or unknown data cannot silence messages
  ---
  duration_ms: 1.4373
  ...
# Subtest: Storage failure leaves the slot acknowledged and playable without manufacturing a global completion
ok 50 - Storage failure leaves the slot acknowledged and playable without manufacturing a global completion
  ---
  duration_ms: 0.4824
  ...
# Subtest: Victory is narrated per campaign before the result choices, and expansion appears after hiring
ok 51 - Victory is narrated per campaign before the result choices, and expansion appears after hiring
  ---
  duration_ms: 0.6239
  ...
# Subtest: Snapshots reject unknown tutorial IDs and incoherent modal pauses while retaining legacy slots
ok 52 - Snapshots reject unknown tutorial IDs and incoherent modal pauses while retaining legacy slots
  ---
  duration_ms: 1.5694
  ...
# Subtest: A loaded defeat takes priority over an unfinished explanation without marking that message seen
ok 53 - A loaded defeat takes priority over an unfinished explanation without marking that message seen
  ---
  duration_ms: 0.2377
  ...
# Subtest: Profile memory lives outside slot listings and never changes another slot snapshot
ok 54 - Profile memory lives outside slot listings and never changes another slot snapshot
  ---
  duration_ms: 1.2291
  ...
1..54
# tests 54
# suites 0
# pass 54
# fail 0
# cancelled 0
# skipped 0
# todo 0
# duration_ms 7098.6901
