TAP version 13
# Subtest: loading audio handoff fires once before the first world presentation
ok 1 - loading audio handoff fires once before the first world presentation
  ---
  duration_ms: 8.0844
  ...
# Subtest: camera sky handoff and travel preserve exact gameplay pose and simulation state
ok 2 - camera sky handoff and travel preserve exact gameplay pose and simulation state
  ---
  duration_ms: 1.2397
  ...
# Subtest: reduced motion completes with the same exact final pose
ok 3 - reduced motion completes with the same exact final pose
  ---
  duration_ms: 0.9217
  ...
# Subtest: cancelled cinematic restores the camera and rejects completion
ok 4 - cancelled cinematic restores the camera and rejects completion
  ---
  duration_ms: 1.1795
  ...
# Subtest: reveal prewarm does not start transition or change final camera
ok 5 - reveal prewarm does not start transition or change final camera
  ---
  duration_ms: 4.886
  ...
# Subtest: cinematic rejects a moving orbit before capturing presentation pose
ok 6 - cinematic rejects a moving orbit before capturing presentation pose
  ---
  duration_ms: 1.4728
  ...
# Subtest: cancel during a suspended reveal frame restores exact camera without a later draw
ok 7 - cancel during a suspended reveal frame restores exact camera without a later draw
  ---
  duration_ms: 108.5703
  ...
# Subtest: never-resumed reveal frame fails its deadline and restores intended camera
ok 8 - never-resumed reveal frame fails its deadline and restores intended camera
  ---
  duration_ms: 107.3451
  ...
# (node:49988) ExperimentalWarning: Importing JSON modules is an experimental feature and might change at any time
# (Use `node --trace-warnings ...` to show where the warning was created)
# Subtest: diorama disposes its private shadow fallback exactly once without touching native owners
ok 9 - diorama disposes its private shadow fallback exactly once without touching native owners
  ---
  duration_ms: 1.7645
  ...
# Subtest: loading-only mountain atlas arriving after either owner closes is disposed without adoption
ok 10 - loading-only mountain atlas arriving after either owner closes is disposed without adoption
  ---
  duration_ms: 0.9529
  ...
# Subtest: presentation mountain foot feathers the actual native recipe without changing a separate world material
ok 11 - presentation mountain foot feathers the actual native recipe without changing a separate world material
  ---
  duration_ms: 8.8531
  ...
# Subtest: speed or opaque zero counters never manufacture a cache hit
ok 12 - speed or opaque zero counters never manufacture a cache hit
  ---
  duration_ms: 1.1906
  ...
# Subtest: confirmed cache contributes zero download time and bytes
ok 13 - confirmed cache contributes zero download time and bytes
  ---
  duration_ms: 0.637
  ...
# Subtest: overlapping real missing transfers count wall time once
ok 14 - overlapping real missing transfers count wall time once
  ---
  duration_ms: 0.2401
  ...
# Subtest: chunked totals remain estimated until body completion and cannot claim completion early
ok 15 - chunked totals remain estimated until body completion and cannot claim completion early
  ---
  duration_ms: 0.2038
  ...
# Subtest: late updates cannot revive a closed loading owner
ok 16 - late updates cannot revive a closed loading owner
  ---
  duration_ms: 0.9917
  ...
# Subtest: completed transport stops accruing network time while native parsing remains pending
ok 17 - completed transport stops accruing network time while native parsing remains pending
  ---
  duration_ms: 0.319
  ...
# Subtest: cached response remains native-pending but contributes zero transfer weight before parsing finishes
ok 18 - cached response remains native-pending but contributes zero transfer weight before parsing finishes
  ---
  duration_ms: 0.2983
  ...
# (node:21244) ExperimentalWarning: Importing JSON modules is an experimental feature and might change at any time
# (Use `node --trace-warnings ...` to show where the warning was created)
# Subtest: handoff waits for actual orbit deceleration and retains the final angle without recentering
ok 19 - handoff waits for actual orbit deceleration and retains the final angle without recentering
  ---
  duration_ms: 4.9644
  ...
# Subtest: owner cancellation aborts handoff without recentering or enabling interaction
ok 20 - owner cancellation aborts handoff without recentering or enabling interaction
  ---
  duration_ms: 1.8504
  ...
# Subtest: reduced motion captures its static pose without waiting for animation
ok 21 - reduced motion captures its static pose without waiting for animation
  ---
  duration_ms: 0.4185
  ...
# Subtest: suspended orbit frame cancels immediately through its actual owner
ok 22 - suspended orbit frame cancels immediately through its actual owner
  ---
  duration_ms: 1.356
  ...
# Subtest: suspended orbit frame cannot leave completion waiting indefinitely
ok 23 - suspended orbit frame cannot leave completion waiting indefinitely
  ---
  duration_ms: 110.2908
  ...
# (node:38568) ExperimentalWarning: Importing JSON modules is an experimental feature and might change at any time
# (Use `node --trace-warnings ...` to show where the warning was created)
# Subtest: a held pointer is captured and losing capture resumes orbit without planting
ok 24 - a held pointer is captured and losing capture resumes orbit without planting
  ---
  duration_ms: 10.9576
  ...
# Subtest: weighted real milestones remain monotonic and cannot complete before readiness
ok 25 - weighted real milestones remain monotonic and cannot complete before readiness
  ---
  duration_ms: 2.6968
  ...
# Subtest: failed load retains diagnostics and cannot signal readiness
ok 26 - failed load retains diagnostics and cannot signal readiness
  ---
  duration_ms: 1.7713
  ...
# Subtest: loading plants are optional, bounded, non-overlapping and never reach 100% prematurely
ok 27 - loading plants are optional, bounded, non-overlapping and never reach 100% prematurely
  ---
  duration_ms: 0.9185
  ...
# Subtest: new seedling catches moving progress continuously within one second
ok 28 - new seedling catches moving progress continuously within one second
  ---
  duration_ms: 0.672
  ...
1..28
# tests 28
# suites 0
# pass 28
# fail 0
# cancelled 0
# skipped 0
# todo 0
# duration_ms 448.3309
