windows	Smoke test the packaged game in WebView2	﻿2026-10-09T20:58:20.3630186Z ##[group]Run $report = Join-Path $env:RUNNER_TEMP 'desktop-smoke.json'
windows	Smoke test the packaged game in WebView2	2026-10-09T20:58:20.3631165Z ^[[36;1m$report = Join-Path $env:RUNNER_TEMP 'desktop-smoke.json'^[[0m
windows	Smoke test the packaged game in WebView2	2026-10-09T20:58:20.3631796Z ^[[36;1m$binary = (Resolve-Path src-tauri/target/release/wild-guardians-africa.exe).Path^[[0m
windows	Smoke test the packaged game in WebView2	2026-10-09T20:58:20.3632560Z ^[[36;1m$process = Start-Process -FilePath $binary -ArgumentList '--smoke-report', $report -WindowStyle Hidden -PassThru^[[0m
windows	Smoke test the packaged game in WebView2	2026-10-09T20:58:20.3633434Z ^[[36;1mif (-not $process.WaitForExit(240000)) { Stop-Process -Id $process.Id; throw 'WebView2 smoke timed out' }^[[0m
windows	Smoke test the packaged game in WebView2	2026-10-09T20:58:20.3634165Z ^[[36;1mif (-not (Test-Path -LiteralPath $report)) { throw 'No WebView2 smoke report' }^[[0m
windows	Smoke test the packaged game in WebView2	2026-10-09T20:58:20.3634962Z ^[[36;1m$result = Get-Content -Raw -LiteralPath $report | ConvertFrom-Json^[[0m
windows	Smoke test the packaged game in WebView2	2026-10-09T20:58:20.3635475Z ^[[36;1mif ($result.worldPng) {^[[0m
windows	Smoke test the packaged game in WebView2	2026-10-09T20:58:20.3636133Z ^[[36;1m  [IO.File]::WriteAllBytes((Join-Path $env:RUNNER_TEMP 'windows-canyon.png'), [Convert]::FromBase64String($result.worldPng.Split(',')[1]))^[[0m
windows	Smoke test the packaged game in WebView2	2026-10-09T20:58:20.3636942Z ^[[36;1m  $result.PSObject.Properties.Remove('worldPng')^[[0m
windows	Smoke test the packaged game in WebView2	2026-10-09T20:58:20.3637508Z ^[[36;1m  $result | ConvertTo-Json -Depth 10 | Set-Content -LiteralPath $report^[[0m
windows	Smoke test the packaged game in WebView2	2026-10-09T20:58:20.3637949Z ^[[36;1m}^[[0m
windows	Smoke test the packaged game in WebView2	2026-10-09T20:58:20.3638309Z ^[[36;1mGet-Content -LiteralPath $report >> $env:GITHUB_STEP_SUMMARY^[[0m
windows	Smoke test the packaged game in WebView2	2026-10-09T20:58:20.3638916Z ^[[36;1mif ($process.ExitCode -ne 0 -or -not $result.ok) { throw 'WebView2 smoke failed' }^[[0m
windows	Smoke test the packaged game in WebView2	2026-10-09T20:58:20.3707117Z shell: C:\Program Files\PowerShell\7\pwsh.EXE -command ". '{0}'"
windows	Smoke test the packaged game in WebView2	2026-10-09T20:58:20.3707593Z env:
windows	Smoke test the packaged game in WebView2	2026-10-09T20:58:20.3707872Z   CARGO_HOME: C:\Users\runneradmin\.cargo
windows	Smoke test the packaged game in WebView2	2026-10-09T20:58:20.3708248Z   CARGO_INCREMENTAL: 0
windows	Smoke test the packaged game in WebView2	2026-10-09T20:58:20.3708537Z   CARGO_TERM_COLOR: always
windows	Smoke test the packaged game in WebView2	2026-10-09T20:58:20.3708834Z   CACHE_ON_FAILURE: false
windows	Smoke test the packaged game in WebView2	2026-10-09T20:58:20.3709150Z ##[endgroup]
windows	Smoke test the packaged game in WebView2	2026-10-09T21:01:06.7055683Z ^[[31;1mException: ^[[0mD:\a\_temp\4c63523b-36bb-4873-9397-38d4944bb02c.ps1:14^[[0m
windows	Smoke test the packaged game in WebView2	2026-10-09T21:01:06.7056468Z ^[[31;1m^[[0m^[[36;1mLine |^[[0m
windows	Smoke test the packaged game in WebView2	2026-10-09T21:01:06.7057275Z ^[[31;1m^[[0m^[[36;1m^[[36;1m  14 | ^[[0m … ExitCode -ne 0 -or -not $result.ok) { ^[[36;1mthrow 'WebView2 smoke failed'^[[0m }^[[0m
windows	Smoke test the packaged game in WebView2	2026-10-09T21:01:06.7058207Z ^[[31;1m^[[0m^[[36;1m^[[36;1m^[[0m^[[36;1m^[[0m^[[36;1m     | ^[[31;1m                                         ~~~~~~~~~~~~~~~~~~~~~~~~~~~~~^[[0m
windows	Smoke test the packaged game in WebView2	2026-10-09T21:01:06.7058965Z ^[[31;1m^[[0m^[[36;1m^[[36;1m^[[0m^[[36;1m^[[0m^[[36;1m^[[31;1m^[[31;1m^[[36;1m     | ^[[31;1mWebView2 smoke failed^[[0m
windows	Smoke test the packaged game in WebView2	2026-10-09T21:01:06.7307178Z ##[error]Process completed with exit code 1.
