TAP version 13
# Subtest: QA-098: mapungubwe/warthog actual approach and exit use calibrated speed and native gaits
ok 1 - QA-098: mapungubwe/warthog actual approach and exit use calibrated speed and native gaits
  ---
  duration_ms: 121.9145
  ...
# Subtest: QA-098: mapungubwe/hyena actual approach and exit use calibrated speed and native gaits
ok 2 - QA-098: mapungubwe/hyena actual approach and exit use calibrated speed and native gaits
  ---
  duration_ms: 98.9853
  ...
# Subtest: QA-098: mapungubwe/buffalo actual approach and exit use calibrated speed and native gaits
ok 3 - QA-098: mapungubwe/buffalo actual approach and exit use calibrated speed and native gaits
  ---
  duration_ms: 109.0277
  ...
# Subtest: QA-098: mapungubwe/lion actual approach and exit use calibrated speed and native gaits
ok 4 - QA-098: mapungubwe/lion actual approach and exit use calibrated speed and native gaits
  ---
  duration_ms: 76.0786
  ...
# Subtest: QA-098: mapungubwe/rhino actual approach and exit use calibrated speed and native gaits
ok 5 - QA-098: mapungubwe/rhino actual approach and exit use calibrated speed and native gaits
  ---
  duration_ms: 70.7864
  ...
# Subtest: QA-098: saheliana/warthog actual approach and exit use calibrated speed and native gaits
ok 6 - QA-098: saheliana/warthog actual approach and exit use calibrated speed and native gaits
  ---
  duration_ms: 88.9422
  ...
# Subtest: QA-098: saheliana/hyena actual approach and exit use calibrated speed and native gaits
ok 7 - QA-098: saheliana/hyena actual approach and exit use calibrated speed and native gaits
  ---
  duration_ms: 78.6186
  ...
# Subtest: QA-098: saheliana/buffalo actual approach and exit use calibrated speed and native gaits
ok 8 - QA-098: saheliana/buffalo actual approach and exit use calibrated speed and native gaits
  ---
  duration_ms: 64.5862
  ...
# Subtest: QA-098: saheliana/lion actual approach and exit use calibrated speed and native gaits
ok 9 - QA-098: saheliana/lion actual approach and exit use calibrated speed and native gaits
  ---
  duration_ms: 60.322
  ...
# Subtest: QA-098: saheliana/rhino actual approach and exit use calibrated speed and native gaits
ok 10 - QA-098: saheliana/rhino actual approach and exit use calibrated speed and native gaits
  ---
  duration_ms: 53.8437
  ...
# Subtest: QA-098: suajili/warthog actual approach and exit use calibrated speed and native gaits
ok 11 - QA-098: suajili/warthog actual approach and exit use calibrated speed and native gaits
  ---
  duration_ms: 50.2763
  ...
# Subtest: QA-098: suajili/hyena actual approach and exit use calibrated speed and native gaits
ok 12 - QA-098: suajili/hyena actual approach and exit use calibrated speed and native gaits
  ---
  duration_ms: 40.3179
  ...
# Subtest: QA-098: suajili/buffalo actual approach and exit use calibrated speed and native gaits
ok 13 - QA-098: suajili/buffalo actual approach and exit use calibrated speed and native gaits
  ---
  duration_ms: 38.3051
  ...
# Subtest: QA-098: suajili/lion actual approach and exit use calibrated speed and native gaits
ok 14 - QA-098: suajili/lion actual approach and exit use calibrated speed and native gaits
  ---
  duration_ms: 47.7776
  ...
# Subtest: QA-098: suajili/rhino actual approach and exit use calibrated speed and native gaits
ok 15 - QA-098: suajili/rhino actual approach and exit use calibrated speed and native gaits
  ---
  duration_ms: 40.7484
  ...
# Subtest: QA-098: musgum/warthog actual approach and exit use calibrated speed and native gaits
ok 16 - QA-098: musgum/warthog actual approach and exit use calibrated speed and native gaits
  ---
  duration_ms: 33.5527
  ...
# Subtest: QA-098: musgum/hyena actual approach and exit use calibrated speed and native gaits
ok 17 - QA-098: musgum/hyena actual approach and exit use calibrated speed and native gaits
  ---
  duration_ms: 42.8738
  ...
# Subtest: QA-098: musgum/buffalo actual approach and exit use calibrated speed and native gaits
ok 18 - QA-098: musgum/buffalo actual approach and exit use calibrated speed and native gaits
  ---
  duration_ms: 39.7601
  ...
# Subtest: QA-098: musgum/lion actual approach and exit use calibrated speed and native gaits
ok 19 - QA-098: musgum/lion actual approach and exit use calibrated speed and native gaits
  ---
  duration_ms: 32.4417
  ...
# Subtest: QA-098: musgum/rhino actual approach and exit use calibrated speed and native gaits
ok 20 - QA-098: musgum/rhino actual approach and exit use calibrated speed and native gaits
  ---
  duration_ms: 39.0216
  ...
# Subtest: QA-098: etiope/warthog actual approach and exit use calibrated speed and native gaits
ok 21 - QA-098: etiope/warthog actual approach and exit use calibrated speed and native gaits
  ---
  duration_ms: 36.5833
  ...
# Subtest: QA-098: etiope/hyena actual approach and exit use calibrated speed and native gaits
ok 22 - QA-098: etiope/hyena actual approach and exit use calibrated speed and native gaits
  ---
  duration_ms: 38.8828
  ...
# Subtest: QA-098: etiope/buffalo actual approach and exit use calibrated speed and native gaits
ok 23 - QA-098: etiope/buffalo actual approach and exit use calibrated speed and native gaits
  ---
  duration_ms: 40.4843
  ...
# Subtest: QA-098: etiope/lion actual approach and exit use calibrated speed and native gaits
ok 24 - QA-098: etiope/lion actual approach and exit use calibrated speed and native gaits
  ---
  duration_ms: 46.0919
  ...
# Subtest: QA-098: etiope/rhino actual approach and exit use calibrated speed and native gaits
ok 25 - QA-098: etiope/rhino actual approach and exit use calibrated speed and native gaits
  ---
  duration_ms: 48.6595
  ...
# Subtest: QA-100: mapungubwe actual last worker hit exhausts the budget and the saved exit keeps physical separation
ok 26 - QA-100: mapungubwe actual last worker hit exhausts the budget and the saved exit keeps physical separation
  ---
  duration_ms: 49.9774
  ...
# Subtest: QA-100: saheliana actual last worker hit exhausts the budget and the saved exit keeps physical separation
ok 27 - QA-100: saheliana actual last worker hit exhausts the budget and the saved exit keeps physical separation
  ---
  duration_ms: 37.8171
  ...
# Subtest: QA-100: suajili actual last worker hit exhausts the budget and the saved exit keeps physical separation
ok 28 - QA-100: suajili actual last worker hit exhausts the budget and the saved exit keeps physical separation
  ---
  duration_ms: 60.7441
  ...
# Subtest: QA-100: musgum actual last worker hit exhausts the budget and the saved exit keeps physical separation
ok 29 - QA-100: musgum actual last worker hit exhausts the budget and the saved exit keeps physical separation
  ---
  duration_ms: 34.8553
  ...
# Subtest: QA-100: etiope actual last worker hit exhausts the budget and the saved exit keeps physical separation
ok 30 - QA-100: etiope actual last worker hit exhausts the budget and the saved exit keeps physical separation
  ---
  duration_ms: 38.1937
  ...
# Subtest: QA-101: mapungubwe/warthog legal Shield stops the native body at its border and consumes one protected hit after reload
ok 31 - QA-101: mapungubwe/warthog legal Shield stops the native body at its border and consumes one protected hit after reload
  ---
  duration_ms: 38.7444
  ...
# Subtest: QA-101: mapungubwe/hyena legal Shield stops the native body at its border and consumes one protected hit after reload
ok 32 - QA-101: mapungubwe/hyena legal Shield stops the native body at its border and consumes one protected hit after reload
  ---
  duration_ms: 48.9532
  ...
# Subtest: QA-101: mapungubwe/buffalo legal Shield stops the native body at its border and consumes one protected hit after reload
ok 33 - QA-101: mapungubwe/buffalo legal Shield stops the native body at its border and consumes one protected hit after reload
  ---
  duration_ms: 34.7702
  ...
# Subtest: QA-101: mapungubwe/lion legal Shield stops the native body at its border and consumes one protected hit after reload
ok 34 - QA-101: mapungubwe/lion legal Shield stops the native body at its border and consumes one protected hit after reload
  ---
  duration_ms: 30.2909
  ...
# Subtest: QA-101: mapungubwe/rhino legal Shield stops the native body at its border and consumes one protected hit after reload
ok 35 - QA-101: mapungubwe/rhino legal Shield stops the native body at its border and consumes one protected hit after reload
  ---
  duration_ms: 27.4917
  ...
# Subtest: QA-101: saheliana/warthog legal Shield stops the native body at its border and consumes one protected hit after reload
ok 36 - QA-101: saheliana/warthog legal Shield stops the native body at its border and consumes one protected hit after reload
  ---
  duration_ms: 37.4238
  ...
# Subtest: QA-101: saheliana/hyena legal Shield stops the native body at its border and consumes one protected hit after reload
ok 37 - QA-101: saheliana/hyena legal Shield stops the native body at its border and consumes one protected hit after reload
  ---
  duration_ms: 36.9028
  ...
# Subtest: QA-101: saheliana/buffalo legal Shield stops the native body at its border and consumes one protected hit after reload
ok 38 - QA-101: saheliana/buffalo legal Shield stops the native body at its border and consumes one protected hit after reload
  ---
  duration_ms: 45.3353
  ...
# Subtest: QA-101: saheliana/lion legal Shield stops the native body at its border and consumes one protected hit after reload
ok 39 - QA-101: saheliana/lion legal Shield stops the native body at its border and consumes one protected hit after reload
  ---
  duration_ms: 32.9247
  ...
# Subtest: QA-101: saheliana/rhino legal Shield stops the native body at its border and consumes one protected hit after reload
ok 40 - QA-101: saheliana/rhino legal Shield stops the native body at its border and consumes one protected hit after reload
  ---
  duration_ms: 43.2445
  ...
# Subtest: QA-101: suajili/warthog legal Shield stops the native body at its border and consumes one protected hit after reload
ok 41 - QA-101: suajili/warthog legal Shield stops the native body at its border and consumes one protected hit after reload
  ---
  duration_ms: 41.0291
  ...
# Subtest: QA-101: suajili/hyena legal Shield stops the native body at its border and consumes one protected hit after reload
ok 42 - QA-101: suajili/hyena legal Shield stops the native body at its border and consumes one protected hit after reload
  ---
  duration_ms: 37.699
  ...
# Subtest: QA-101: suajili/buffalo legal Shield stops the native body at its border and consumes one protected hit after reload
ok 43 - QA-101: suajili/buffalo legal Shield stops the native body at its border and consumes one protected hit after reload
  ---
  duration_ms: 27.8562
  ...
# Subtest: QA-101: suajili/lion legal Shield stops the native body at its border and consumes one protected hit after reload
ok 44 - QA-101: suajili/lion legal Shield stops the native body at its border and consumes one protected hit after reload
  ---
  duration_ms: 33.2181
  ...
# Subtest: QA-101: suajili/rhino legal Shield stops the native body at its border and consumes one protected hit after reload
ok 45 - QA-101: suajili/rhino legal Shield stops the native body at its border and consumes one protected hit after reload
  ---
  duration_ms: 30.5405
  ...
# Subtest: QA-101: musgum/warthog legal Shield stops the native body at its border and consumes one protected hit after reload
ok 46 - QA-101: musgum/warthog legal Shield stops the native body at its border and consumes one protected hit after reload
  ---
  duration_ms: 38.1728
  ...
# Subtest: QA-101: musgum/hyena legal Shield stops the native body at its border and consumes one protected hit after reload
ok 47 - QA-101: musgum/hyena legal Shield stops the native body at its border and consumes one protected hit after reload
  ---
  duration_ms: 26.0254
  ...
# Subtest: QA-101: musgum/buffalo legal Shield stops the native body at its border and consumes one protected hit after reload
ok 48 - QA-101: musgum/buffalo legal Shield stops the native body at its border and consumes one protected hit after reload
  ---
  duration_ms: 27.968
  ...
# Subtest: QA-101: musgum/lion legal Shield stops the native body at its border and consumes one protected hit after reload
ok 49 - QA-101: musgum/lion legal Shield stops the native body at its border and consumes one protected hit after reload
  ---
  duration_ms: 27.6741
  ...
# Subtest: QA-101: musgum/rhino legal Shield stops the native body at its border and consumes one protected hit after reload
ok 50 - QA-101: musgum/rhino legal Shield stops the native body at its border and consumes one protected hit after reload
  ---
  duration_ms: 22.4135
  ...
# Subtest: QA-101: etiope/warthog legal Shield stops the native body at its border and consumes one protected hit after reload
ok 51 - QA-101: etiope/warthog legal Shield stops the native body at its border and consumes one protected hit after reload
  ---
  duration_ms: 23.3478
  ...
# Subtest: QA-101: etiope/hyena legal Shield stops the native body at its border and consumes one protected hit after reload
ok 52 - QA-101: etiope/hyena legal Shield stops the native body at its border and consumes one protected hit after reload
  ---
  duration_ms: 30.835
  ...
# Subtest: QA-101: etiope/buffalo legal Shield stops the native body at its border and consumes one protected hit after reload
ok 53 - QA-101: etiope/buffalo legal Shield stops the native body at its border and consumes one protected hit after reload
  ---
  duration_ms: 30.0471
  ...
# Subtest: QA-101: etiope/lion legal Shield stops the native body at its border and consumes one protected hit after reload
ok 54 - QA-101: etiope/lion legal Shield stops the native body at its border and consumes one protected hit after reload
  ---
  duration_ms: 24.0632
  ...
# Subtest: QA-101: etiope/rhino legal Shield stops the native body at its border and consumes one protected hit after reload
ok 55 - QA-101: etiope/rhino legal Shield stops the native body at its border and consumes one protected hit after reload
  ---
  duration_ms: 36.3653
  ...
# Subtest: QA-087: all ten attraction boundaries select the exact confirmed tier
ok 56 - QA-087: all ten attraction boundaries select the exact confirmed tier
  ---
  duration_ms: 4.7988
  ...
# Subtest: QA-087: actual living plant base values drive night planning independently of cash, crates, maturity and yield bonuses
ok 57 - QA-087: actual living plant base values drive night planning independently of cash, crates, maturity and yield bonuses
  ---
  duration_ms: 8.4862
  ...
# Subtest: QA-088 revised: the first-night clock spawns one mandatory warthog with zero attraction and preserves its plan on reload
ok 58 - QA-088 revised: the first-night clock spawns one mandatory warthog with zero attraction and preserves its plan on reload
  ---
  duration_ms: 48.7419
  ...
# Subtest: QA-089 revised: a thousand guaranteed nightly plans use fresh independent timing and composition draws
ok 59 - QA-089 revised: a thousand guaranteed nightly plans use fresh independent timing and composition draws
  ---
  duration_ms: 35.7169
  ...
# Subtest: QA-090: budget three chooses precisely three warthogs or one unlocked hyena
ok 60 - QA-090: budget three chooses precisely three warthogs or one unlocked hyena
  ---
  duration_ms: 0.5551
  ...
# Subtest: QA-091: sixteen night and four daytime budgets exactly match an independent Cartesian count oracle
ok 61 - QA-091: sixteen night and four daytime budgets exactly match an independent Cartesian count oracle
  ---
  duration_ms: 25.9373
  ...
# Subtest: QA-092: all 120 unlocked-order permutations and repeated IDs preserve the same unweighted composition list
ok 62 - QA-092: all 120 unlocked-order permutations and repeated IDs preserve the same unweighted composition list
  ---
  duration_ms: 25.5493
  ...
# Subtest: QA-093: affordable locked lions and rhinos cannot enter the legal composition pool
ok 63 - QA-093: affordable locked lions and rhinos cannot enter the legal composition pool
  ---
  duration_ms: 1.2303
  ...
# (node:19644) ExperimentalWarning: Importing JSON modules is an experimental feature and might change at any time
# (Use `node --trace-warnings ...` to show where the warning was created)
# Subtest: QA-145: warthog six live checkpoints reload identically across all five native center cultures
ok 64 - QA-145: warthog six live checkpoints reload identically across all five native center cultures
  ---
  duration_ms: 1048.0982
  ...
# Subtest: QA-145: hyena six live checkpoints reload identically across all five native center cultures
ok 65 - QA-145: hyena six live checkpoints reload identically across all five native center cultures
  ---
  duration_ms: 937.5043
  ...
# Subtest: QA-145: buffalo six live checkpoints reload identically across all five native center cultures
ok 66 - QA-145: buffalo six live checkpoints reload identically across all five native center cultures
  ---
  duration_ms: 867.6615
  ...
# Subtest: QA-145: lion six live checkpoints reload identically across all five native center cultures
ok 67 - QA-145: lion six live checkpoints reload identically across all five native center cultures
  ---
  duration_ms: 692.3186
  ...
# Subtest: QA-145: rhino six live checkpoints reload identically across all five native center cultures
ok 68 - QA-145: rhino six live checkpoints reload identically across all five native center cultures
  ---
  duration_ms: 679.2745
  ...
# Subtest: QA-099: warthog both naturally selected native combos consume exactly one hit after the complete clip, including reload
ok 69 - QA-099: warthog both naturally selected native combos consume exactly one hit after the complete clip, including reload
  ---
  duration_ms: 43.5895
  ...
# Subtest: QA-099: hyena both naturally selected native combos consume exactly one hit after the complete clip, including reload
ok 70 - QA-099: hyena both naturally selected native combos consume exactly one hit after the complete clip, including reload
  ---
  duration_ms: 44.5312
  ...
# Subtest: QA-099: buffalo both naturally selected native combos consume exactly one hit after the complete clip, including reload
ok 71 - QA-099: buffalo both naturally selected native combos consume exactly one hit after the complete clip, including reload
  ---
  duration_ms: 35.0126
  ...
# Subtest: QA-099: lion both naturally selected native combos consume exactly one hit after the complete clip, including reload
ok 72 - QA-099: lion both naturally selected native combos consume exactly one hit after the complete clip, including reload
  ---
  duration_ms: 42.0264
  ...
# Subtest: QA-099: rhino both naturally selected native combos consume exactly one hit after the complete clip, including reload
ok 73 - QA-099: rhino both naturally selected native combos consume exactly one hit after the complete clip, including reload
  ---
  duration_ms: 43.0252
  ...
# Subtest: QA-097: warthog a destroyed crop releases its reservation and retargets with the same remaining budget
ok 74 - QA-097: warthog a destroyed crop releases its reservation and retargets with the same remaining budget
  ---
  duration_ms: 82.9918
  ...
# Subtest: QA-097: hyena a destroyed crop releases its reservation and retargets with the same remaining budget
ok 75 - QA-097: hyena a destroyed crop releases its reservation and retargets with the same remaining budget
  ---
  duration_ms: 64.2525
  ...
# Subtest: QA-097: buffalo a destroyed crop releases its reservation and retargets with the same remaining budget
ok 76 - QA-097: buffalo a destroyed crop releases its reservation and retargets with the same remaining budget
  ---
  duration_ms: 28.9597
  ...
# Subtest: QA-097: lion a destroyed crop releases its reservation and retargets with the same remaining budget
ok 77 - QA-097: lion a destroyed crop releases its reservation and retargets with the same remaining budget
  ---
  duration_ms: 29.4695
  ...
# Subtest: QA-097: rhino a destroyed crop releases its reservation and retargets with the same remaining budget
ok 78 - QA-097: rhino a destroyed crop releases its reservation and retargets with the same remaining budget
  ---
  duration_ms: 30.3022
  ...
# Subtest: all 100 campaign nights have animals even with no crops, for 30 seeds
ok 79 - all 100 campaign nights have animals even with no crops, for 30 seeds
  ---
  duration_ms: 32.0392
  ...
# Subtest: five introductory nights spawn their planned new species with a progressive real strike budget, including saved plans
ok 80 - five introductory nights spawn their planned new species with a progressive real strike budget, including saved plans
  ---
  duration_ms: 34.8378
  ...
# Subtest: warthog: first physical crop hit survives reload; second hit destroys exactly once
ok 81 - warthog: first physical crop hit survives reload; second hit destroys exactly once
  ---
  duration_ms: 31.5923
  ...
# Subtest: hyena: first physical crop hit survives reload; second hit destroys exactly once
ok 82 - hyena: first physical crop hit survives reload; second hit destroys exactly once
  ---
  duration_ms: 13.8704
  ...
# Subtest: buffalo: first physical crop hit survives reload; second hit destroys exactly once
ok 83 - buffalo: first physical crop hit survives reload; second hit destroys exactly once
  ---
  duration_ms: 9.208
  ...
# Subtest: lion: first physical crop hit survives reload; second hit destroys exactly once
ok 84 - lion: first physical crop hit survives reload; second hit destroys exactly once
  ---
  duration_ms: 12.5046
  ...
# Subtest: rhino: first physical crop hit survives reload; second hit destroys exactly once
ok 85 - rhino: first physical crop hit survives reload; second hit destroys exactly once
  ---
  duration_ms: 11.041
  ...
# Subtest: saved damage cannot be fractional, exceed two strikes or leave a living crop with two strikes
ok 86 - saved damage cannot be fractional, exceed two strikes or leave a living crop with two strikes
  ---
  duration_ms: 2.6876
  ...
# Subtest: introductory warthog threatens crops and buildings but cannot destroy all 1 starting plants
ok 87 - introductory warthog threatens crops and buildings but cannot destroy all 1 starting plants
  ---
  duration_ms: 121.1962
  ...
# Subtest: introductory warthog threatens crops and buildings but cannot destroy all 2 starting plants
ok 88 - introductory warthog threatens crops and buildings but cannot destroy all 2 starting plants
  ---
  duration_ms: 65.2249
  ...
# Subtest: introductory warthog threatens crops and buildings but cannot destroy all 5 starting plants
ok 89 - introductory warthog threatens crops and buildings but cannot destroy all 5 starting plants
  ---
  duration_ms: 22.717
  ...
# Subtest: introductory warthog threatens crops and buildings but cannot destroy all 10 starting plants
ok 90 - introductory warthog threatens crops and buildings but cannot destroy all 10 starting plants
  ---
  duration_ms: 33.0107
  ...
# Subtest: introductory warthog threatens crops and buildings but cannot destroy all 20 starting plants
ok 91 - introductory warthog threatens crops and buildings but cannot destroy all 20 starting plants
  ---
  duration_ms: 26.4732
  ...
# Subtest: introductory warthog threatens crops and buildings but cannot destroy all 50 starting plants
ok 92 - introductory warthog threatens crops and buildings but cannot destroy all 50 starting plants
  ---
  duration_ms: 31.2709
  ...
# Subtest: introductory hyena threatens crops and buildings but cannot destroy all 1 starting plants
ok 93 - introductory hyena threatens crops and buildings but cannot destroy all 1 starting plants
  ---
  duration_ms: 38.3458
  ...
# Subtest: introductory hyena threatens crops and buildings but cannot destroy all 2 starting plants
ok 94 - introductory hyena threatens crops and buildings but cannot destroy all 2 starting plants
  ---
  duration_ms: 29.0089
  ...
# Subtest: introductory hyena threatens crops and buildings but cannot destroy all 5 starting plants
ok 95 - introductory hyena threatens crops and buildings but cannot destroy all 5 starting plants
  ---
  duration_ms: 35.9154
  ...
# Subtest: introductory hyena threatens crops and buildings but cannot destroy all 10 starting plants
ok 96 - introductory hyena threatens crops and buildings but cannot destroy all 10 starting plants
  ---
  duration_ms: 47.2702
  ...
# Subtest: introductory hyena threatens crops and buildings but cannot destroy all 20 starting plants
ok 97 - introductory hyena threatens crops and buildings but cannot destroy all 20 starting plants
  ---
  duration_ms: 90.5394
  ...
# Subtest: introductory hyena threatens crops and buildings but cannot destroy all 50 starting plants
ok 98 - introductory hyena threatens crops and buildings but cannot destroy all 50 starting plants
  ---
  duration_ms: 53.3381
  ...
# Subtest: introductory buffalo threatens crops and buildings but cannot destroy all 1 starting plants
ok 99 - introductory buffalo threatens crops and buildings but cannot destroy all 1 starting plants
  ---
  duration_ms: 23.2186
  ...
# Subtest: introductory buffalo threatens crops and buildings but cannot destroy all 2 starting plants
ok 100 - introductory buffalo threatens crops and buildings but cannot destroy all 2 starting plants
  ---
  duration_ms: 38.7595
  ...
# Subtest: introductory buffalo threatens crops and buildings but cannot destroy all 5 starting plants
ok 101 - introductory buffalo threatens crops and buildings but cannot destroy all 5 starting plants
  ---
  duration_ms: 17.754
  ...
# Subtest: introductory buffalo threatens crops and buildings but cannot destroy all 10 starting plants
ok 102 - introductory buffalo threatens crops and buildings but cannot destroy all 10 starting plants
  ---
  duration_ms: 54.5701
  ...
# Subtest: introductory buffalo threatens crops and buildings but cannot destroy all 20 starting plants
ok 103 - introductory buffalo threatens crops and buildings but cannot destroy all 20 starting plants
  ---
  duration_ms: 20.5024
  ...
# Subtest: introductory buffalo threatens crops and buildings but cannot destroy all 50 starting plants
ok 104 - introductory buffalo threatens crops and buildings but cannot destroy all 50 starting plants
  ---
  duration_ms: 27.5043
  ...
# Subtest: introductory lion threatens crops and buildings but cannot destroy all 1 starting plants
ok 105 - introductory lion threatens crops and buildings but cannot destroy all 1 starting plants
  ---
  duration_ms: 59.4022
  ...
# Subtest: introductory lion threatens crops and buildings but cannot destroy all 2 starting plants
ok 106 - introductory lion threatens crops and buildings but cannot destroy all 2 starting plants
  ---
  duration_ms: 76.8137
  ...
# Subtest: introductory lion threatens crops and buildings but cannot destroy all 5 starting plants
ok 107 - introductory lion threatens crops and buildings but cannot destroy all 5 starting plants
  ---
  duration_ms: 22.5883
  ...
# Subtest: introductory lion threatens crops and buildings but cannot destroy all 10 starting plants
ok 108 - introductory lion threatens crops and buildings but cannot destroy all 10 starting plants
  ---
  duration_ms: 25.2661
  ...
# Subtest: introductory lion threatens crops and buildings but cannot destroy all 20 starting plants
ok 109 - introductory lion threatens crops and buildings but cannot destroy all 20 starting plants
  ---
  duration_ms: 65.6334
  ...
# Subtest: introductory lion threatens crops and buildings but cannot destroy all 50 starting plants
ok 110 - introductory lion threatens crops and buildings but cannot destroy all 50 starting plants
  ---
  duration_ms: 78.3404
  ...
# Subtest: introductory rhino threatens crops and buildings but cannot destroy all 1 starting plants
ok 111 - introductory rhino threatens crops and buildings but cannot destroy all 1 starting plants
  ---
  duration_ms: 19.7566
  ...
# Subtest: introductory rhino threatens crops and buildings but cannot destroy all 2 starting plants
ok 112 - introductory rhino threatens crops and buildings but cannot destroy all 2 starting plants
  ---
  duration_ms: 25.2026
  ...
# Subtest: introductory rhino threatens crops and buildings but cannot destroy all 5 starting plants
ok 113 - introductory rhino threatens crops and buildings but cannot destroy all 5 starting plants
  ---
  duration_ms: 71.0798
  ...
# Subtest: introductory rhino threatens crops and buildings but cannot destroy all 10 starting plants
ok 114 - introductory rhino threatens crops and buildings but cannot destroy all 10 starting plants
  ---
  duration_ms: 19.7512
  ...
# Subtest: introductory rhino threatens crops and buildings but cannot destroy all 20 starting plants
ok 115 - introductory rhino threatens crops and buildings but cannot destroy all 20 starting plants
  ---
  duration_ms: 19.3233
  ...
# Subtest: introductory rhino threatens crops and buildings but cannot destroy all 50 starting plants
ok 116 - introductory rhino threatens crops and buildings but cannot destroy all 50 starting plants
  ---
  duration_ms: 88.6867
  ...
# Subtest: introductory warthog: damaged crops respect the destruction quota after a mid-attack save
ok 117 - introductory warthog: damaged crops respect the destruction quota after a mid-attack save
  ---
  duration_ms: 15.8165
  ...
# Subtest: introductory hyena: damaged crops respect the destruction quota after a mid-attack save
ok 118 - introductory hyena: damaged crops respect the destruction quota after a mid-attack save
  ---
  duration_ms: 26.161
  ...
# Subtest: introductory buffalo: damaged crops respect the destruction quota after a mid-attack save
ok 119 - introductory buffalo: damaged crops respect the destruction quota after a mid-attack save
  ---
  duration_ms: 48.6924
  ...
# Subtest: introductory lion: damaged crops respect the destruction quota after a mid-attack save
ok 120 - introductory lion: damaged crops respect the destruction quota after a mid-attack save
  ---
  duration_ms: 20.0741
  ...
# Subtest: introductory rhino: damaged crops respect the destruction quota after a mid-attack save
ok 121 - introductory rhino: damaged crops respect the destruction quota after a mid-attack save
  ---
  duration_ms: 49.8921
  ...
# Subtest: a full connected crop cohort consumes real native budget at dt0.1
ok 122 - a full connected crop cohort consumes real native budget at dt0.1
  ---
  duration_ms: 500.4072
  ...
# Subtest: a full connected crop cohort consumes real native budget at dt1
ok 123 - a full connected crop cohort consumes real native budget at dt1
  ---
  duration_ms: 274.7567
  ...
# Subtest: waiters stage at their certified separated births without stealing existing reservations
ok 124 - waiters stage at their certified separated births without stealing existing reservations
  ---
  duration_ms: 16.9567
  ...
# Subtest: FIFO save/reload preserves turns and complete native final consumption
ok 125 - FIFO save/reload preserves turns and complete native final consumption
  ---
  duration_ms: 441.4172
  ...
# Subtest: absence of all remaining native targets retires instead of waiting forever
ok 126 - absence of all remaining native targets retires instead of waiting forever
  ---
  duration_ms: 11.4706
  ...
# Subtest: a physically unreachable owner expires its queue after bounded no-hit time without spending budget
ok 127 - a physically unreachable owner expires its queue after bounded no-hit time without spending budget
  ---
  duration_ms: 9.6722
  ...
# Subtest: corrupt optional queue state is rejected while legacy saves remain compatible
ok 128 - corrupt optional queue state is rejected while legacy saves remain compatible
  ---
  duration_ms: 14.0065
  ...
# Subtest: mixed models/radii and native budgets preserve exclusive leases: hyena,buffalo,lion,rhino,warthog
ok 129 - mixed models/radii and native budgets preserve exclusive leases: hyena,buffalo,lion,rhino,warthog
  ---
  duration_ms: 246.2692
  ...
# Subtest: mixed models/radii and native budgets preserve exclusive leases: buffalo,buffalo,buffalo,buffalo,buffalo,buffalo,buffalo,buffalo
ok 130 - mixed models/radii and native budgets preserve exclusive leases: buffalo,buffalo,buffalo,buffalo,buffalo,buffalo,buffalo,buffalo
  ---
  duration_ms: 394.34
  ...
# Subtest: Shield still consumes actual native hits while protecting crops and releasing turns
ok 131 - Shield still consumes actual native hits while protecting crops and releasing turns
  ---
  duration_ms: 54.037
  ...
# Subtest: connected walls retain a single lease and collapse releases eligible queued turns
ok 132 - connected walls retain a single lease and collapse releases eligible queued turns
  ---
  duration_ms: 672.0087
  ...
# Subtest: a just-exhausted owner still holds a temporary lease until native release on the next tick
ok 133 - a just-exhausted owner still holds a temporary lease until native release on the next tick
  ---
  duration_ms: 8.7283
  ...
# Subtest: waiting poses do not keep walking in place at an exterior staging birth
ok 134 - waiting poses do not keep walking in place at an exterior staging birth
  ---
  duration_ms: 7.8332
  ...
# Subtest: two contiguous crop species retain independent exclusive groups through the native turns
ok 135 - two contiguous crop species retain independent exclusive groups through the native turns
  ---
  duration_ms: 197.6774
  ...
# Subtest: native first-five introduction protection survives a queued cohort without destroying all crops
ok 136 - native first-five introduction protection survives a queued cohort without destroying all crops
  ---
  duration_ms: 50.5393
  ...
# Subtest: wall collapse and an existing open gate release claims without inventing an extra lease
ok 137 - wall collapse and an existing open gate release claims without inventing an extra lease
  ---
  duration_ms: 367.2052
  ...
# Subtest: an isolated FIFO head cannot indefinitely starve a later animal with native access
ok 138 - an isolated FIFO head cannot indefinitely starve a later animal with native access
  ---
  duration_ms: 1353.4656
  ...
# Subtest: head retry epochs never enumerate a dense farm and observe lease/topology/progress revisions
ok 139 - head retry epochs never enumerate a dense farm and observe lease/topology/progress revisions
  ---
  duration_ms: 16.2749
  ...
# Subtest: sabana: prepared native entry preserves the entire original post-spawn state
ok 140 - sabana: prepared native entry preserves the entire original post-spawn state
  ---
  duration_ms: 1075.3157
  ...
# Subtest: gran-rio: prepared native entry preserves the entire original post-spawn state
ok 141 - gran-rio: prepared native entry preserves the entire original post-spawn state
  ---
  duration_ms: 830.6058
  ...
# Subtest: manglares: prepared native entry preserves the entire original post-spawn state
ok 142 - manglares: prepared native entry preserves the entire original post-spawn state
  ---
  duration_ms: 639.4782
  ...
# Subtest: volcanes: prepared native entry preserves the entire original post-spawn state
ok 143 - volcanes: prepared native entry preserves the entire original post-spawn state
  ---
  duration_ms: 604.7608
  ...
# Subtest: gran-canon: prepared native entry preserves the entire original post-spawn state
ok 144 - gran-canon: prepared native entry preserves the entire original post-spawn state
  ---
  duration_ms: 704.408
  ...
# Subtest: desierto: prepared native entry preserves the entire original post-spawn state
ok 145 - desierto: prepared native entry preserves the entire original post-spawn state
  ---
  duration_ms: 2642.0565
  ...
# Subtest: camera: obsolete worker replies cannot supply an entry
ok 146 - camera: obsolete worker replies cannot supply an entry
  ---
  duration_ms: 262.7232
  ...
# Subtest: bounds: obsolete worker replies cannot supply an entry
ok 147 - bounds: obsolete worker replies cannot supply an entry
  ---
  duration_ms: 224.0416
  ...
# Subtest: geometry: obsolete worker replies cannot supply an entry
ok 148 - geometry: obsolete worker replies cannot supply an entry
  ---
  duration_ms: 370.7978
  ...
# Subtest: group: obsolete worker replies cannot supply an entry
ok 149 - group: obsolete worker replies cannot supply an entry
  ---
  duration_ms: 309.6991
  ...
# Subtest: collapse: obsolete worker replies cannot supply an entry
ok 150 - collapse: obsolete worker replies cannot supply an entry
  ---
  duration_ms: 335.6152
  ...
# Subtest: rng: obsolete worker replies cannot supply an entry
ok 151 - rng: obsolete worker replies cannot supply an entry
  ---
  duration_ms: 307.9233
  ...
# Subtest: a reply accepted before the camera moves is also rejected at the actual spawn
ok 152 - a reply accepted before the camera moves is also rejected at the actual spawn
  ---
  duration_ms: 239.2209
  ...
# Subtest: preparation bounds outstanding work, reports failure, and never survives disposal
ok 153 - preparation bounds outstanding work, reports failure, and never survives disposal
  ---
  duration_ms: 284.2813
  ...
# Subtest: prepared camera failure still uses the original boundary fallback and RNG
ok 154 - prepared camera failure still uses the original boundary fallback and RNG
  ---
  duration_ms: 335.4097
  ...
# (node:12772) ExperimentalWarning: Importing JSON modules is an experimental feature and might change at any time
# (Use `node --trace-warnings ...` to show where the warning was created)
# Subtest: residency pins actual sparse birth/exit chunks without generating the expanded rectangle
ok 155 - residency pins actual sparse birth/exit chunks without generating the expanded rectangle
  ---
  duration_ms: 4.6018
  ...
# Subtest: pins are evicted and bounds restored after cancellation, without disrupting normal chunks
ok 156 - pins are evicted and bounds restored after cancellation, without disrupting normal chunks
  ---
  duration_ms: 1.6652
  ...
# Subtest: active actor next-step corridor remains pinned and all demand disappears after real departure
ok 157 - active actor next-step corridor remains pinned and all demand disappears after real departure
  ---
  duration_ms: 0.5776
  ...
# Subtest: bounds refresh retains validated sparse demand while a new full worker key is prepared
ok 158 - bounds refresh retains validated sparse demand while a new full worker key is prepared
  ---
  duration_ms: 8.7304
  ...
# Subtest: headless driver waits for the same retained daytime owner instead of the nighttime key
ok 159 - headless driver waits for the same retained daytime owner instead of the nighttime key
  ---
  duration_ms: 65.6521
  ...
# Subtest: whole group exterior native entry: closed
ok 160 - whole group exterior native entry: closed
  ---
  duration_ms: 102.1901
  ...
# Subtest: whole group exterior native entry: open
ok 161 - whole group exterior native entry: open
  ---
  duration_ms: 34.984
  ...
# Subtest: whole group exterior native entry: gate
ok 162 - whole group exterior native entry: gate
  ---
  duration_ms: 55.9934
  ...
# Subtest: whole group exterior native entry: separate
ok 163 - whole group exterior native entry: separate
  ---
  duration_ms: 33.956
  ...
# Subtest: whole group exterior native entry: concave
ok 164 - whole group exterior native entry: concave
  ---
  duration_ms: 71.6756
  ...
# Subtest: whole group exterior native entry: no-walls
ok 165 - whole group exterior native entry: no-walls
  ---
  duration_ms: 2.3106
  ...
# Subtest: whole group exterior native entry: clipped-bounds
ok 166 - whole group exterior native entry: clipped-bounds
  ---
  duration_ms: 45.572
  ...
# Subtest: closed 40m enclosure starts physically outside then hits a wall
ok 167 - closed 40m enclosure starts physically outside then hits a wall
  ---
  duration_ms: 1338.479
  ...
# Subtest: closed 320m enclosure starts physically outside then hits a wall
ok 168 - closed 320m enclosure starts physically outside then hits a wall
  ---
  duration_ms: 7401.5982
  ...
# Subtest: residency handshake preserves pending night/RNG and reload creates exactly one complete group
ok 169 - residency handshake preserves pending night/RNG and reload creates exactly one complete group
  ---
  duration_ms: 5105.0986
  ...
# Subtest: worker preparation uses the same exterior choice without changing state or RNG
ok 170 - worker preparation uses the same exterior choice without changing state or RNG
  ---
  duration_ms: 377.4009
  ...
# Subtest: expanded bounds have sparse finite chunk demand and release when raid disappears
ok 171 - expanded bounds have sparse finite chunk demand and release when raid disappears
  ---
  duration_ms: 56.6613
  ...
# Subtest: native sabana opening: whole group keeps genuine terrain and fluid legality
ok 172 - native sabana opening: whole group keeps genuine terrain and fluid legality
  ---
  duration_ms: 326.8131
  ...
# Subtest: native gran-rio opening: whole group keeps genuine terrain and fluid legality
ok 173 - native gran-rio opening: whole group keeps genuine terrain and fluid legality
  ---
  duration_ms: 329.5833
  ...
# Subtest: native manglares opening: whole group keeps genuine terrain and fluid legality
ok 174 - native manglares opening: whole group keeps genuine terrain and fluid legality
  ---
  duration_ms: 279.6519
  ...
# Subtest: native volcanes opening: whole group keeps genuine terrain and fluid legality
ok 175 - native volcanes opening: whole group keeps genuine terrain and fluid legality
  ---
  duration_ms: 270.0854
  ...
# Subtest: native gran-canon opening: whole group keeps genuine terrain and fluid legality
ok 176 - native gran-canon opening: whole group keeps genuine terrain and fluid legality
  ---
  duration_ms: 536.3516
  ...
# Subtest: native desierto opening: whole group keeps genuine terrain and fluid legality
ok 177 - native desierto opening: whole group keeps genuine terrain and fluid legality
  ---
  duration_ms: 2175.1656
  ...
# Subtest: a whole 32 cohort is neither thinned nor rerolled when a single near-camera lane cannot fit
ok 178 - a whole 32 cohort is neither thinned nor rerolled when a single near-camera lane cannot fit
  ---
  duration_ms: 116.8676
  ...
# Subtest: a whole 72 cohort is neither thinned nor rerolled when a single near-camera lane cannot fit
ok 179 - a whole 72 cohort is neither thinned nor rerolled when a single near-camera lane cannot fit
  ---
  duration_ms: 114.0884
  ...
# Subtest: a wall closing a natural cliff pocket cannot admit births in its enclosed interior beyond the wall AABB
ok 180 - a wall closing a natural cliff pocket cannot admit births in its enclosed interior beyond the wall AABB
  ---
  duration_ms: 75.0396
  ...
# Subtest: failed whole-group selection is memoized, reports once and retries after native obstacle epoch changes
ok 181 - failed whole-group selection is memoized, reports once and retries after native obstacle epoch changes
  ---
  duration_ms: 48.3111
  ...
# Subtest: view invalidation replaces prior sparse demand before whole-group residency can commit
ok 182 - view invalidation replaces prior sparse demand before whole-group residency can commit
  ---
  duration_ms: 51.7182
  ...
# Subtest: retained daytime entry owns readiness across night and both groups spawn sequentially with native ticks
ok 183 - retained daytime entry owns readiness across night and both groups spawn sequentially with native ticks
  ---
  duration_ms: 1060.4412
  ...
1..183
# tests 183
# suites 0
# pass 183
# fail 0
# cancelled 0
# skipped 0
# todo 0
# duration_ms 20499.2074
